Component: ARM Compiler 5.06 update 5 (build 528) Tool: armlink [4d35e2]

==============================================================================

Section Cross References

    main.o(.text) refers to misc.o(.text) for NVIC_PriorityGroupConfig
    main.o(.text) refers to timer.o(.text) for TIM4_Init
    main.o(.text) refers to init_page.o(.text) for Init_page
    main.o(.text) refers to printfa.o(i.__0printf) for __2printf
    main.o(.text) refers to memmovea.o(.text) for __aeabi_memcpy4
    main.o(.text) refers to at.o(.text) for AT_Init
    main.o(.text) refers to f2d.o(.text) for __aeabi_f2d
    main.o(.text) refers to homepage.o(.text) for u_refresh_homepage_lvgl
    main.o(.text) refers to lv_timer.o(.text) for lv_timer_handler
    main.o(.text) refers to dht11.o(.text) for DHT11_Read_Data
    main.o(.text) refers to main.o(.constdata) for days_in_month
    main.o(.text) refers to system_stm32f4xx.o(.data) for SystemCoreClock
    main.o(.text) refers to main.o(.data) for weather_info
    main.o(.text) refers to main.o(.conststring) for .conststring
    main.o(.text) refers to timer.o(.data) for ms_tick
    main.o(.text) refers to dht11.o(.data) for temperature
    system_stm32f4xx.o(.text) refers to system_stm32f4xx.o(.data) for SystemCoreClock
    startup_stm32f40_41xxx.o(RESET) refers to startup_stm32f40_41xxx.o(STACK) for __initial_sp
    startup_stm32f40_41xxx.o(RESET) refers to startup_stm32f40_41xxx.o(.text) for Reset_Handler
    startup_stm32f40_41xxx.o(RESET) refers to stm32f4xx_it.o(.text) for NMI_Handler
    startup_stm32f40_41xxx.o(RESET) refers to port.o(.emb_text) for SVC_Handler
    startup_stm32f40_41xxx.o(RESET) refers to timer.o(.text) for SysTick_Handler
    startup_stm32f40_41xxx.o(RESET) refers to at.o(.text) for USART1_IRQHandler
    startup_stm32f40_41xxx.o(RESET) refers to log.o(.text) for USART2_IRQHandler
    startup_stm32f40_41xxx.o(.text) refers to system_stm32f4xx.o(.text) for SystemInit
    startup_stm32f40_41xxx.o(.text) refers to entry.o(.ARM.Collect$$$$00000000) for __main
    stm32f4xx_adc.o(.text) refers to stm32f4xx_rcc.o(.text) for RCC_APB2PeriphResetCmd
    stm32f4xx_can.o(.text) refers to stm32f4xx_rcc.o(.text) for RCC_APB1PeriphResetCmd
    stm32f4xx_cryp.o(.text) refers to stm32f4xx_rcc.o(.text) for RCC_AHB2PeriphResetCmd
    stm32f4xx_cryp_aes.o(.text) refers to stm32f4xx_cryp.o(.text) for CRYP_KeyStructInit
    stm32f4xx_cryp_des.o(.text) refers to stm32f4xx_cryp.o(.text) for CRYP_KeyStructInit
    stm32f4xx_cryp_tdes.o(.text) refers to stm32f4xx_cryp.o(.text) for CRYP_KeyStructInit
    stm32f4xx_dac.o(.text) refers to stm32f4xx_rcc.o(.text) for RCC_APB1PeriphResetCmd
    stm32f4xx_dma2d.o(.text) refers to stm32f4xx_rcc.o(.text) for RCC_AHB1PeriphResetCmd
    stm32f4xx_fsmc.o(.text) refers to stm32f4xx_fsmc.o(.constdata) for FSMC_DefaultTimingStruct
    stm32f4xx_gpio.o(.text) refers to stm32f4xx_rcc.o(.text) for RCC_AHB1PeriphResetCmd
    stm32f4xx_hash.o(.text) refers to stm32f4xx_rcc.o(.text) for RCC_AHB2PeriphResetCmd
    stm32f4xx_hash_md5.o(.text) refers to stm32f4xx_hash.o(.text) for HASH_DeInit
    stm32f4xx_hash_sha1.o(.text) refers to stm32f4xx_hash.o(.text) for HASH_DeInit
    stm32f4xx_i2c.o(.text) refers to stm32f4xx_rcc.o(.text) for RCC_APB1PeriphResetCmd
    stm32f4xx_ltdc.o(.text) refers to stm32f4xx_rcc.o(.text) for RCC_APB2PeriphResetCmd
    stm32f4xx_pwr.o(.text) refers to stm32f4xx_rcc.o(.text) for RCC_APB1PeriphResetCmd
    stm32f4xx_rcc.o(.text) refers to stm32f4xx_rcc.o(.data) for APBAHBPrescTable
    stm32f4xx_rng.o(.text) refers to stm32f4xx_rcc.o(.text) for RCC_AHB2PeriphResetCmd
    stm32f4xx_sai.o(.text) refers to stm32f4xx_rcc.o(.text) for RCC_APB2PeriphResetCmd
    stm32f4xx_sdio.o(.text) refers to stm32f4xx_rcc.o(.text) for RCC_APB2PeriphResetCmd
    stm32f4xx_spi.o(.text) refers to stm32f4xx_rcc.o(.text) for RCC_APB2PeriphResetCmd
    stm32f4xx_syscfg.o(.text) refers to stm32f4xx_rcc.o(.text) for RCC_APB2PeriphResetCmd
    stm32f4xx_tim.o(.text) refers to stm32f4xx_rcc.o(.text) for RCC_APB2PeriphResetCmd
    stm32f4xx_usart.o(.text) refers to stm32f4xx_rcc.o(.text) for RCC_APB2PeriphResetCmd
    stm32f4xx_wwdg.o(.text) refers to stm32f4xx_rcc.o(.text) for RCC_APB1PeriphResetCmd
    wifi_usart.o(.text) refers to stm32f4xx_rcc.o(.text) for RCC_AHB1PeriphClockCmd
    wifi_usart.o(.text) refers to stm32f4xx_gpio.o(.text) for GPIO_PinAFConfig
    wifi_usart.o(.text) refers to stm32f4xx_usart.o(.text) for USART_Init
    wifi_usart.o(.text) refers to misc.o(.text) for NVIC_Init
    wifi_usart.o(.text) refers to stm32f4xx_dma.o(.text) for DMA_Init
    timer.o(.text) refers to stm32f4xx_rcc.o(.text) for RCC_APB1PeriphClockCmd
    timer.o(.text) refers to stm32f4xx_tim.o(.text) for TIM_TimeBaseInit
    timer.o(.text) refers to lv_hal_tick.o(.text) for lv_tick_inc
    timer.o(.text) refers to timer.o(.data) for ms_tick
    port.o(.emb_text) refers to tasks.o(.text) for vTaskSwitchContext
[...]
    lv_arc_set_angles                        0x08032da7   Thumb Code    26  lv_arc.o(.text)
    lv_arc_set_bg_start_angle                0x08032ecf   Thumb Code   130  lv_arc.o(.text)
    lv_arc_set_bg_end_angle                  0x08032f51   Thumb Code   130  lv_arc.o(.text)
    lv_arc_set_bg_angles                     0x08032fd3   Thumb Code    26  lv_arc.o(.text)
    lv_arc_set_rotation                      0x08032fed   Thumb Code    22  lv_arc.o(.text)
    lv_arc_set_value                         0x08033003   Thumb Code    84  lv_arc.o(.text)
    lv_arc_set_mode                          0x08033057   Thumb Code   140  lv_arc.o(.text)
    lv_arc_set_range                         0x080330e3   Thumb Code    70  lv_arc.o(.text)
    lv_arc_set_change_rate                   0x08033129   Thumb Code    10  lv_arc.o(.text)
    lv_arc_get_angle_start                   0x08033133   Thumb Code    10  lv_arc.o(.text)
    lv_arc_get_angle_end                     0x0803313d   Thumb Code    10  lv_arc.o(.text)
    lv_arc_get_bg_angle_start                0x08033147   Thumb Code    10  lv_arc.o(.text)
    lv_arc_get_bg_angle_end                  0x08033151   Thumb Code    10  lv_arc.o(.text)
    lv_arc_get_value                         0x0803315b   Thumb Code    12  lv_arc.o(.text)
    lv_arc_get_min_value                     0x08033167   Thumb Code    12  lv_arc.o(.text)
    lv_arc_get_max_value                     0x08033173   Thumb Code    12  lv_arc.o(.text)
    lv_arc_get_mode                          0x0803317f   Thumb Code    16  lv_arc.o(.text)
    lv_arc_align_obj_to_angle                0x0803318f   Thumb Code   156  lv_arc.o(.text)
    lv_arc_rotate_obj_to_angle               0x0803322b   Thumb Code   200  lv_arc.o(.text)
    lv_bar_create                            0x08033cfb   Thumb Code    28  lv_bar.o(.text)
    lv_bar_set_value                         0x08033dfd   Thumb Code   102  lv_bar.o(.text)
    lv_bar_set_start_value                   0x08033e63   Thumb Code   108  lv_bar.o(.text)
    lv_bar_get_mode                          0x08033ecf   Thumb Code    18  lv_bar.o(.text)
    lv_bar_set_range                         0x08033ee1   Thumb Code    94  lv_bar.o(.text)
    lv_bar_set_mode                          0x08033f3f   Thumb Code    40  lv_bar.o(.text)
    lv_bar_get_value                         0x08033f67   Thumb Code    22  lv_bar.o(.text)
    lv_bar_get_start_value                   0x08033f7d   Thumb Code    38  lv_bar.o(.text)
    lv_bar_get_min_value                     0x08033fa3   Thumb Code    12  lv_bar.o(.text)
    lv_bar_get_max_value                     0x08033faf   Thumb Code    12  lv_bar.o(.text)
    lv_btn_create                            0x080347d1   Thumb Code    28  lv_btn.o(.text)
    lv_btnmatrix_create                      0x0803481f   Thumb Code    28  lv_btnmatrix.o(.text)
    lv_btnmatrix_set_map                     0x080348f9   Thumb Code   488  lv_btnmatrix.o(.text)
    lv_btnmatrix_set_ctrl_map                0x08034ae1   Thumb Code    34  lv_btnmatrix.o(.text)
    lv_btnmatrix_set_selected_btn            0x08034bff   Thumb Code    60  lv_btnmatrix.o(.text)
    lv_btnmatrix_clear_btn_ctrl              0x08034c3b   Thumb Code    88  lv_btnmatrix.o(.text)
    lv_btnmatrix_clear_btn_ctrl_all          0x08034c93   Thumb Code    42  lv_btnmatrix.o(.text)
    lv_btnmatrix_set_btn_ctrl                0x08034cbd   Thumb Code   160  lv_btnmatrix.o(.text)
    lv_btnmatrix_set_btn_ctrl_all            0x08034d5d   Thumb Code    42  lv_btnmatrix.o(.text)
    lv_btnmatrix_set_btn_width               0x08034d87   Thumb Code    72  lv_btnmatrix.o(.text)
    lv_btnmatrix_has_btn_ctrl                0x08034dcf   Thumb Code    40  lv_btnmatrix.o(.text)
    lv_btnmatrix_set_one_checked             0x08034e25   Thumb Code    26  lv_btnmatrix.o(.text)
    lv_btnmatrix_get_map                     0x08034e3f   Thumb Code    12  lv_btnmatrix.o(.text)
    lv_btnmatrix_get_selected_btn            0x08034e4b   Thumb Code    12  lv_btnmatrix.o(.text)
    lv_btnmatrix_get_btn_text                0x08034e57   Thumb Code    94  lv_btnmatrix.o(.text)
    lv_btnmatrix_get_one_checked             0x08034eb5   Thumb Code    18  lv_btnmatrix.o(.text)
    lv_checkbox_create                       0x08035d65   Thumb Code    28  lv_checkbox.o(.text)
    lv_checkbox_set_text                     0x08035d81   Thumb Code    84  lv_checkbox.o(.text)
    lv_checkbox_set_text_static              0x08035dd5   Thumb Code    44  lv_checkbox.o(.text)
    lv_checkbox_get_text                     0x08035e01   Thumb Code     8  lv_checkbox.o(.text)
    lv_dropdown_create                       0x080362b9   Thumb Code    28  lv_dropdown.o(.text)
    lv_dropdown_set_text                     0x080362d5   Thumb Code    32  lv_dropdown.o(.text)
    lv_dropdown_set_options                  0x080362f5   Thumb Code   174  lv_dropdown.o(.text)
    lv_dropdown_set_options_static           0x080363a3   Thumb Code   128  lv_dropdown.o(.text)
    lv_dropdown_add_option                   0x08036423   Thumb Code   370  lv_dropdown.o(.text)
    lv_dropdown_clear_options                0x08036595   Thumb Code    72  lv_dropdown.o(.text)
    lv_dropdown_set_selected                 0x08036661   Thumb Code    72  lv_dropdown.o(.text)
    lv_dropdown_set_dir                      0x080366a9   Thumb Code    48  lv_dropdown.o(.text)
    lv_dropdown_set_symbol                   0x080366d9   Thumb Code    22  lv_dropdown.o(.text)
    lv_dropdown_set_selected_highlight       0x080366ef   Thumb Code    36  lv_dropdown.o(.text)
    lv_dropdown_get_list                     0x08036713   Thumb Code    12  lv_dropdown.o(.text)
    lv_dropdown_get_text                     0x0803671f   Thumb Code    12  lv_dropdown.o(.text)
    lv_dropdown_get_options                  0x0803672b   Thumb Code    20  lv_dropdown.o(.text)
    lv_dropdown_get_selected                 0x0803673f   Thumb Code    12  lv_dropdown.o(.text)
    lv_dropdown_get_option_cnt               0x0803674b   Thumb Code    12  lv_dropdown.o(.text)
    lv_dropdown_get_selected_str             0x08036757   Thumb Code   126  lv_dropdown.o(.text)
    lv_dropdown_get_option_index             0x080367d5   Thumb Code   106  lv_dropdown.o(.text)
    lv_dropdown_get_symbol                   0x0803683f   Thumb Code    12  lv_dropdown.o(.text)
    lv_dropdown_get_selected_highlight       0x0803684b   Thumb Code    18  lv_dropdown.o(.text)
    lv_dropdown_get_dir                      0x0803685d   Thumb Code    18  lv_dropdown.o(.text)
    lv_dropdown_open                         0x0803686f   Thumb Code   678  lv_dropdown.o(.text)
    lv_dropdown_close                        0x08036b15   Thumb Code    44  lv_dropdown.o(.text)
    lv_dropdown_is_open                      0x08036b41   Thumb Code    24  lv_dropdown.o(.text)
    lv_img_create                            0x08037653   Thumb Code    28  lv_img.o(.text)
    lv_img_set_src                           0x0803766f   Thumb Code   452  lv_img.o(.text)
    lv_img_set_offset_x                      0x08037833   Thumb Code    22  lv_img.o(.text)
    lv_img_set_offset_y                      0x08037849   Thumb Code    22  lv_img.o(.text)
    lv_img_set_angle                         0x0803785f   Thumb Code   280  lv_img.o(.text)
    lv_img_set_pivot                         0x08037977   Thumb Code   274  lv_img.o(.text)
    lv_img_set_zoom                          0x08037a89   Thumb Code   276  lv_img.o(.text)
    lv_img_set_antialias                     0x08037b9d   Thumb Code    42  lv_img.o(.text)
    lv_img_set_size_mode                     0x08037bc7   Thumb Code    40  lv_img.o(.text)
    lv_img_get_src                           0x08037bef   Thumb Code    12  lv_img.o(.text)
    lv_img_get_offset_x                      0x08037bfb   Thumb Code    14  lv_img.o(.text)
    lv_img_get_offset_y                      0x08037c09   Thumb Code    14  lv_img.o(.text)
    lv_img_get_angle                         0x08037c17   Thumb Code    12  lv_img.o(.text)
    lv_img_get_pivot                         0x08037c23   Thumb Code    14  lv_img.o(.text)
    lv_img_get_zoom                          0x08037c31   Thumb Code    12  lv_img.o(.text)
    lv_img_get_antialias                     0x08037c3d   Thumb Code    16  lv_img.o(.text)
    lv_img_get_size_mode                     0x08037c4d   Thumb Code    18  lv_img.o(.text)
    lv_label_create                          0x080384f9   Thumb Code    28  lv_label.o(.text)
    lv_label_get_text                        0x080385a9   Thumb Code    12  lv_label.o(.text)
    lv_label_get_letter_on                   0x080385b5   Thumb Code   604  lv_label.o(.text)
    lv_label_set_text                        0x08038e1b   Thumb Code   176  lv_label.o(.text)
    lv_label_set_text_fmt                    0x08038ecb   Thumb Code   114  lv_label.o(.text)
    lv_label_set_text_static                 0x08038f3d   Thumb Code    62  lv_label.o(.text)
    lv_label_set_long_mode                   0x08038fff   Thumb Code   124  lv_label.o(.text)
    lv_label_set_recolor                     0x0803907b   Thumb Code    48  lv_label.o(.text)
    lv_label_set_text_sel_start              0x080390ab   Thumb Code    22  lv_label.o(.text)
    lv_label_set_text_sel_end                0x080390c1   Thumb Code    22  lv_label.o(.text)
    lv_label_get_long_mode                   0x080390d7   Thumb Code    18  lv_label.o(.text)
    lv_label_get_recolor                     0x080390e9   Thumb Code    18  lv_label.o(.text)
    lv_label_get_letter_pos                  0x080390fb   Thumb Code   542  lv_label.o(.text)
    lv_label_is_char_under_pos               0x08039319   Thumb Code   522  lv_label.o(.text)
    lv_label_get_text_selection_start        0x08039523   Thumb Code    12  lv_label.o(.text)
    lv_label_get_text_selection_end          0x0803952f   Thumb Code    12  lv_label.o(.text)
    lv_label_ins_text                        0x0803953b   Thumb Code   144  lv_label.o(.text)
    lv_label_cut_text                        0x080395cb   Thumb Code    74  lv_label.o(.text)
    lv_line_create                           0x08039b61   Thumb Code    28  lv_line.o(.text)
    lv_line_set_points                       0x08039b7d   Thumb Code    36  lv_line.o(.text)
    lv_line_set_y_invert                     0x08039ba1   Thumb Code    40  lv_line.o(.text)
    lv_line_get_y_invert                     0x08039bc9   Thumb Code    18  lv_line.o(.text)
    lv_roller_create                         0x08039de5   Thumb Code    28  lv_roller.o(.text)
    lv_roller_set_options                    0x08039ebd   Thumb Code   250  lv_roller.o(.text)
    lv_roller_set_selected                   0x0803a13f   Thumb Code   166  lv_roller.o(.text)
    lv_roller_set_visible_row_count          0x0803a1e5   Thumb Code    74  lv_roller.o(.text)
    lv_roller_get_selected                   0x0803a22f   Thumb Code    48  lv_roller.o(.text)
    lv_roller_get_selected_str               0x0803a25f   Thumb Code   136  lv_roller.o(.text)
    lv_roller_get_options                    0x0803a2e7   Thumb Code    22  lv_roller.o(.text)
    lv_roller_get_option_cnt                 0x0803a2fd   Thumb Code    34  lv_roller.o(.text)
    lv_slider_create                         0x0803ac05   Thumb Code    28  lv_slider.o(.text)
    lv_slider_is_dragged                     0x0803ac21   Thumb Code    18  lv_slider.o(.text)
    lv_switch_create                         0x0803b799   Thumb Code    28  lv_switch.o(.text)
    lv_table_create                          0x0803bc05   Thumb Code    28  lv_table.o(.text)
    lv_table_set_row_cnt                     0x0803c06d   Thumb Code   222  lv_table.o(.text)
    lv_table_set_col_cnt                     0x0803c14b   Thumb Code   314  lv_table.o(.text)
    lv_table_set_cell_value                  0x0803c285   Thumb Code   222  lv_table.o(.text)
    lv_table_set_cell_value_fmt              0x0803c363   Thumb Code   276  lv_table.o(.text)
    lv_table_set_col_width                   0x0803c477   Thumb Code    50  lv_table.o(.text)
    lv_table_add_cell_ctrl                   0x0803c4a9   Thumb Code   162  lv_table.o(.text)
    lv_table_clear_cell_ctrl                 0x0803c54b   Thumb Code   162  lv_table.o(.text)
    lv_table_set_cell_user_data              0x0803c5ed   Thumb Code   174  lv_table.o(.text)
    lv_table_get_cell_value                  0x0803c69b   Thumb Code    70  lv_table.o(.text)
    lv_table_get_row_cnt                     0x0803c6e1   Thumb Code    12  lv_table.o(.text)
    lv_table_get_col_cnt                     0x0803c6ed   Thumb Code    12  lv_table.o(.text)
    lv_table_get_col_width                   0x0803c6f9   Thumb Code    30  lv_table.o(.text)
    lv_table_has_cell_ctrl                   0x0803c717   Thumb Code    86  lv_table.o(.text)
    lv_table_get_selected_cell               0x0803c76d   Thumb Code    14  lv_table.o(.text)
    lv_table_get_cell_user_data              0x0803c77b   Thumb Code    70  lv_table.o(.text)
    lv_textarea_create                       0x0803d327   Thumb Code    28  lv_textarea.o(.text)
    lv_textarea_get_cursor_pos               0x0803d343   Thumb Code    12  lv_textarea.o(.text)
    lv_textarea_set_cursor_pos               0x0803d6b5   Thumb Code   294  lv_textarea.o(.text)
    lv_textarea_get_password_bullet          0x0803d7db   Thumb Code    54  lv_textarea.o(.text)
    lv_textarea_clear_selection              0x0803d8f9   Thumb Code    60  lv_textarea.o(.text)
    lv_textarea_get_text                     0x0803d935   Thumb Code    36  lv_textarea.o(.text)
    lv_textarea_get_max_length               0x0803d9b5   Thumb Code    12  lv_textarea.o(.text)
    lv_textarea_get_accepted_chars           0x0803d9c1   Thumb Code    12  lv_textarea.o(.text)
    lv_textarea_add_text                     0x0803d9cd   Thumb Code   290  lv_textarea.o(.text)
    lv_textarea_add_char                     0x0803db3b   Thumb Code   306  lv_textarea.o(.text)
    lv_textarea_del_char                     0x0803dc6d   Thumb Code   190  lv_textarea.o(.text)
    lv_textarea_del_char_forward             0x0803dd2b   Thumb Code    42  lv_textarea.o(.text)
    lv_textarea_set_text                     0x0803dd55   Thumb Code   254  lv_textarea.o(.text)
    lv_textarea_set_placeholder_text         0x0803de53   Thumb Code   116  lv_textarea.o(.text)
    lv_textarea_set_cursor_click_pos         0x0803dec7   Thumb Code    22  lv_textarea.o(.text)
    lv_textarea_set_password_mode            0x0803dedd   Thumb Code   146  lv_textarea.o(.text)
    lv_textarea_set_password_bullet          0x0803df6f   Thumb Code   118  lv_textarea.o(.text)
    lv_textarea_set_one_line                 0x0803dfe5   Thumb Code   148  lv_textarea.o(.text)
    lv_textarea_set_accepted_chars           0x0803e079   Thumb Code    10  lv_textarea.o(.text)
    lv_textarea_set_max_length               0x0803e083   Thumb Code    10  lv_textarea.o(.text)
    lv_textarea_set_insert_replace           0x0803e08d   Thumb Code    10  lv_textarea.o(.text)
    lv_textarea_set_text_selection           0x0803e097   Thumb Code    34  lv_textarea.o(.text)
    lv_textarea_set_password_show_time       0x0803e0b9   Thumb Code    10  lv_textarea.o(.text)
    lv_textarea_get_label                    0x0803e0c3   Thumb Code    12  lv_textarea.o(.text)
    lv_textarea_set_align                    0x0803e0cf   Thumb Code    98  lv_textarea.o(.text)
    lv_textarea_get_placeholder_text         0x0803e131   Thumb Code    22  lv_textarea.o(.text)
    lv_textarea_get_cursor_click_pos         0x0803e147   Thumb Code    18  lv_textarea.o(.text)
    lv_textarea_get_password_mode            0x0803e159   Thumb Code    18  lv_textarea.o(.text)
    lv_textarea_get_one_line                 0x0803e16b   Thumb Code    18  lv_textarea.o(.text)
    lv_textarea_text_is_selected             0x0803e17d   Thumb Code    46  lv_textarea.o(.text)
    lv_textarea_get_text_selection           0x0803e1ab   Thumb Code    18  lv_textarea.o(.text)
    lv_textarea_get_password_show_time       0x0803e1bd   Thumb Code    12  lv_textarea.o(.text)
    lv_textarea_cursor_right                 0x0803e1c9   Thumb Code    28  lv_textarea.o(.text)
    lv_textarea_cursor_left                  0x0803e1e5   Thumb Code    30  lv_textarea.o(.text)
    lv_textarea_cursor_down                  0x0803e203   Thumb Code   128  lv_textarea.o(.text)
    lv_textarea_cursor_up                    0x0803e283   Thumb Code   114  lv_textarea.o(.text)
    lv_disp_drv_init                         0x0803eb0f   Thumb Code   112  lv_hal_disp.o(.text)
    lv_disp_draw_buf_init                    0x0803eb7f   Thumb Code    34  lv_hal_disp.o(.text)
    lv_disp_drv_register                     0x0803eba1   Thumb Code   404  lv_hal_disp.o(.text)
    lv_disp_get_default                      0x0803ed45   Thumb Code     6  lv_hal_disp.o(.text)
    lv_disp_get_ver_res                      0x0803ed4b   Thumb Code    54  lv_hal_disp.o(.text)
    lv_disp_get_hor_res                      0x0803ed81   Thumb Code    54  lv_hal_disp.o(.text)
    lv_disp_drv_update                       0x0803edb7   Thumb Code   260  lv_hal_disp.o(.text)
    lv_disp_set_default                      0x0803eebb   Thumb Code     6  lv_hal_disp.o(.text)
    lv_disp_remove                           0x0803eec1   Thumb Code   148  lv_hal_disp.o(.text)
    lv_disp_get_physical_hor_res             0x0803ef55   Thumb Code    90  lv_hal_disp.o(.text)
    lv_disp_get_physical_ver_res             0x0803efaf   Thumb Code    90  lv_hal_disp.o(.text)
    lv_disp_get_offset_x                     0x0803f009   Thumb Code    88  lv_hal_disp.o(.text)
    lv_disp_get_offset_y                     0x0803f061   Thumb Code    88  lv_hal_disp.o(.text)
    lv_disp_get_antialiasing                 0x0803f0b9   Thumb Code    28  lv_hal_disp.o(.text)
    lv_disp_get_dpi                          0x0803f0d5   Thumb Code    28  lv_hal_disp.o(.text)
    lv_disp_flush_ready                      0x0803f0f1   Thumb Code    12  lv_hal_disp.o(.text)
    lv_disp_flush_is_last                    0x0803f0fd   Thumb Code    16  lv_hal_disp.o(.text)
    lv_disp_get_next                         0x0803f10d   Thumb Code    24  lv_hal_disp.o(.text)
    lv_disp_get_draw_buf                     0x0803f125   Thumb Code     8  lv_hal_disp.o(.text)
    lv_disp_set_rotation                     0x0803f12d   Thumb Code    42  lv_hal_disp.o(.text)
    lv_disp_get_rotation                     0x0803f157   Thumb Code    28  lv_hal_disp.o(.text)
    lv_disp_drv_use_generic_set_px_cb        0x0803f3b5   Thumb Code    66  lv_hal_disp.o(.text)
    lv_indev_drv_init                        0x0803f421   Thumb Code    42  lv_hal_indev.o(.text)
    lv_indev_drv_register                    0x0803f44b   Thumb Code    92  lv_hal_indev.o(.text)
    lv_indev_drv_update                      0x0803f4a7   Thumb Code   136  lv_hal_indev.o(.text)
    lv_indev_delete                          0x0803f52f   Thumb Code    76  lv_hal_indev.o(.text)
    lv_indev_get_next                        0x0803f57b   Thumb Code    24  lv_hal_indev.o(.text)
    _lv_indev_read                           0x0803f593   Thumb Code    80  lv_hal_indev.o(.text)
    lv_tick_inc                              0x0803f5ed   Thumb Code    18  lv_hal_tick.o(.text)
    lv_tick_get                              0x0803f5ff   Thumb Code    22  lv_hal_tick.o(.text)
    lv_tick_elaps                            0x0803f615   Thumb Code    26  lv_hal_tick.o(.text)
    events_init                              0x0803f639   Thumb Code     2  events_init.o(.text)
    ui_init_style                            0x0803f63b   Thumb Code    26  gui_guider.o(.text)
    ui_load_scr_animation                    0x0803f655   Thumb Code    74  gui_guider.o(.text)
    ui_animation                             0x0803f69f   Thumb Code   164  gui_guider.o(.text)
    init_scr_del_flag                        0x0803f743   Thumb Code     8  gui_guider.o(.text)
    init_keyboard                            0x0803f74b   Thumb Code     2  gui_guider.o(.text)
    setup_ui                                 0x0803f74d   Thumb Code    34  gui_guider.o(.text)
    setup_scr_screen_home                    0x0803f793   Thumb Code  4280  setup_scr_screen_home.o(.text)
    setup_scr_screen_init                    0x0804088b   Thumb Code   524  setup_scr_screen_init.o(.text)
    __aeabi_uldivmod                         0x08040aad   Thumb Code    98  uldiv.o(.text)
    ___aeabi_memcpy8$move                    0x08040b0f   Thumb Code     0  memmovea.o(.text)
    __aeabi_memcpy                           0x08040b0f   Thumb Code    64  memmovea.o(.text)
    __aeabi_memcpy4                          0x08040b0f   Thumb Code     0  memmovea.o(.text)
    __aeabi_memmove                          0x08040b0f   Thumb Code     0  memmovea.o(.text)
    __aeabi_memmove4                         0x08040b0f   Thumb Code     0  memmovea.o(.text)
    __aeabi_memmove8                         0x08040b0f   Thumb Code     0  memmovea.o(.text)
    __aeabi_memset                           0x08040b4f   Thumb Code    14  memseta.o(.text)
    __aeabi_memset4                          0x08040b4f   Thumb Code     0  memseta.o(.text)
    __aeabi_memset8                          0x08040b4f   Thumb Code     0  memseta.o(.text)
    __aeabi_memclr                           0x08040b5d   Thumb Code     4  memseta.o(.text)
    __aeabi_memclr4                          0x08040b5d   Thumb Code     0  memseta.o(.text)
    __aeabi_memclr8                          0x08040b5d   Thumb Code     0  memseta.o(.text)
    memset                                   0x08040b61   Thumb Code    18  memseta.o(.text)
    strcat                                   0x08040b73   Thumb Code    24  strcat.o(.text)
    strstr                                   0x08040b8b   Thumb Code    36  strstr.o(.text)
    strncpy                                  0x08040baf   Thumb Code    24  strncpy.o(.text)
    strchr                                   0x08040bc7   Thumb Code    20  strchr.o(.text)
    strlen                                   0x08040bdb   Thumb Code    14  strlen.o(.text)
    strcmp                                   0x08040be9   Thumb Code    28  strcmp.o(.text)
    memcmp                                   0x08040c05   Thumb Code    26  memcmp.o(.text)
    strcpy                                   0x08040c1f   Thumb Code    18  strcpy.o(.text)
    strrchr                                  0x08040c31   Thumb Code    32  strrchr.o(.text)
    __0sscanf                                0x08040c51   Thumb Code    48  __0sscanf.o(.text)
    _scanf_int                               0x08040c89   Thumb Code   332  _scanf_int.o(.text)
    _scanf_string                            0x08040dd5   Thumb Code   224  _scanf_str.o(.text)
    __aeabi_dadd                             0x08040eb5   Thumb Code   322  dadd.o(.text)
    __aeabi_dsub                             0x08040ff7   Thumb Code     6  dadd.o(.text)
    __aeabi_drsub                            0x08040ffd   Thumb Code     6  dadd.o(.text)
    __aeabi_dmul                             0x08041003   Thumb Code   228  dmul.o(.text)
    __aeabi_ui2d                             0x080410e7   Thumb Code    26  dfltui.o(.text)
    __aeabi_d2uiz                            0x08041101   Thumb Code    50  dfixui.o(.text)
    __aeabi_f2d                              0x08041133   Thumb Code    38  f2d.o(.text)
    __aeabi_d2f                              0x08041159   Thumb Code    56  d2f.o(.text)
    __aeabi_uidiv                            0x08041191   Thumb Code     0  uidiv.o(.text)
    __aeabi_uidivmod                         0x08041191   Thumb Code    44  uidiv.o(.text)
    __aeabi_llsl                             0x080411bd   Thumb Code    30  llshl.o(.text)
    _ll_shift_l                              0x080411bd   Thumb Code     0  llshl.o(.text)
    __aeabi_llsr                             0x080411db   Thumb Code    32  llushr.o(.text)
    _ll_ushift_r                             0x080411db   Thumb Code     0  llushr.o(.text)
    __aeabi_lasr                             0x080411fb   Thumb Code    36  llsshr.o(.text)
    _ll_sshift_r                             0x080411fb   Thumb Code     0  llsshr.o(.text)
    _chval                                   0x0804121f   Thumb Code    28  _chval.o(.text)
    __vfscanf_char                           0x08041249   Thumb Code    20  scanf_char.o(.text)
    _sgetc                                   0x08041265   Thumb Code    30  _sgetc.o(.text)
    _sbackspace                              0x08041283   Thumb Code    34  _sgetc.o(.text)
    __strtod_int                             0x080412db   Thumb Code    90  strtod.o(.text)
    __I$use$fp                               0x08041341   Thumb Code     0  iusefp.o(.text)
    _float_round                             0x08041341   Thumb Code    18  fepilogue.o(.text)
    _float_epilogue                          0x08041353   Thumb Code    92  fepilogue.o(.text)
    _double_round                            0x080413af   Thumb Code    30  depilogue.o(.text)
    _double_epilogue                         0x080413cd   Thumb Code   156  depilogue.o(.text)
    __aeabi_ddiv                             0x08041469   Thumb Code   222  ddiv.o(.text)
    __aeabi_d2ulz                            0x08041547   Thumb Code    48  dfixul.o(.text)
    __aeabi_cdrcmple                         0x08041579   Thumb Code    48  cdrcmple.o(.text)
    __scatterload                            0x080415a9   Thumb Code    28  init.o(.text)
    __scatterload_rt2                        0x080415a9   Thumb Code     0  init.o(.text)
    isspace                                  0x080415cd   Thumb Code    10  isspace_c.o(.text)
    __vfscanf                                0x080415d9   Thumb Code   808  _scanf.o(.text)
    _scanf_real                              0x08041a2d   Thumb Code     0  scanf_fp.o(.text)
    _scanf_really_real                       0x08041a2d   Thumb Code   556  scanf_fp.o(.text)
    __ctype_lookup                           0x08041c65   Thumb Code    34  ctype_c.o(.text)
    __aeabi_ul2d                             0x08041c8d   Thumb Code    24  dfltul.o(.text)
    __decompress                             0x08041ca5   Thumb Code     0  __dczerorl2.o(.text)
    __decompress1                            0x08041ca5   Thumb Code    86  __dczerorl2.o(.text)
    __0printf                                0x08041cfd   Thumb Code    22  printfa.o(i.__0printf)
    __1printf                                0x08041cfd   Thumb Code     0  printfa.o(i.__0printf)
    __2printf                                0x08041cfd   Thumb Code     0  printfa.o(i.__0printf)
    __c89printf                              0x08041cfd   Thumb Code     0  printfa.o(i.__0printf)
    printf                                   0x08041cfd   Thumb Code     0  printfa.o(i.__0printf)
    __0snprintf                              0x08041d1d   Thumb Code    44  printfa.o(i.__0snprintf)
    __1snprintf                              0x08041d1d   Thumb Code     0  printfa.o(i.__0snprintf)
    __2snprintf                              0x08041d1d   Thumb Code     0  printfa.o(i.__0snprintf)
    __c89snprintf                            0x08041d1d   Thumb Code     0  printfa.o(i.__0snprintf)
    snprintf                                 0x08041d1d   Thumb Code     0  printfa.o(i.__0snprintf)
    __hardfp_atof                            0x08041d51   Thumb Code    44  atof.o(i.__hardfp_atof)
    __read_errno                             0x08041d89   Thumb Code     6  errno.o(i.__read_errno)
    __scatterload_copy                       0x08041d95   Thumb Code    14  handlers.o(i.__scatterload_copy)
    __scatterload_null                       0x08041da3   Thumb Code     2  handlers.o(i.__scatterload_null)
    __scatterload_zeroinit                   0x08041da5   Thumb Code    14  handlers.o(i.__scatterload_zeroinit)
    __set_errno                              0x08041db5   Thumb Code     6  errno.o(i.__set_errno)
    _is_digit                                0x08041f45   Thumb Code    14  scanf_fp.o(i._is_digit)
    lv_obj_class                             0x08042708   Data          28  lv_obj.o(.constdata)
    _lv_bpp1_opa_table                       0x0804272c   Data           2  lv_draw_sw_letter.o(.constdata)
    _lv_bpp2_opa_table                       0x0804272e   Data           4  lv_draw_sw_letter.o(.constdata)
    _lv_bpp3_opa_table                       0x08042732   Data           8  lv_draw_sw_letter.o(.constdata)
    _lv_bpp4_opa_table                       0x0804273a   Data          16  lv_draw_sw_letter.o(.constdata)
    _lv_bpp8_opa_table                       0x0804274a   Data         256  lv_draw_sw_letter.o(.constdata)
    lv_calendar_class                        0x0804288c   Data          28  lv_calendar.o(.constdata)
    lv_calendar_header_arrow_class           0x080428a8   Data          28  lv_calendar_header_arrow.o(.constdata)
    lv_calendar_header_dropdown_class        0x080428c4   Data          28  lv_calendar_header_dropdown.o(.constdata)
    lv_chart_class                           0x080428e0   Data          28  lv_chart.o(.constdata)
    lv_colorwheel_class                      0x080428fc   Data          28  lv_colorwheel.o(.constdata)
    lv_keyboard_class                        0x08042918   Data          28  lv_keyboard.o(.constdata)
    lv_led_class                             0x08042cac   Data          28  lv_led.o(.constdata)
    lv_list_class                            0x08042cc8   Data          28  lv_list.o(.constdata)
    lv_list_btn_class                        0x08042ce4   Data          28  lv_list.o(.constdata)
    lv_list_text_class                       0x08042d00   Data          28  lv_list.o(.constdata)
    lv_menu_class                            0x08042d1c   Data          28  lv_menu.o(.constdata)
    lv_menu_page_class                       0x08042d38   Data          28  lv_menu.o(.constdata)
    lv_menu_cont_class                       0x08042d54   Data          28  lv_menu.o(.constdata)
    lv_menu_section_class                    0x08042d70   Data          28  lv_menu.o(.constdata)
    lv_menu_separator_class                  0x08042d8c   Data          28  lv_menu.o(.constdata)
    lv_menu_sidebar_cont_class               0x08042da8   Data          28  lv_menu.o(.constdata)
    lv_menu_main_cont_class                  0x08042dc4   Data          28  lv_menu.o(.constdata)
    lv_menu_main_header_cont_class           0x08042de0   Data          28  lv_menu.o(.constdata)
    lv_menu_sidebar_header_cont_class        0x08042dfc   Data          28  lv_menu.o(.constdata)
    lv_meter_class                           0x08042e18   Data          28  lv_meter.o(.constdata)
    lv_msgbox_class                          0x08042e34   Data          28  lv_msgbox.o(.constdata)
    lv_msgbox_content_class                  0x08042e50   Data          28  lv_msgbox.o(.constdata)
    lv_msgbox_backdrop_class                 0x08042e6c   Data          28  lv_msgbox.o(.constdata)
    lv_spinbox_class                         0x08042e88   Data          28  lv_spinbox.o(.constdata)
    lv_spinner_class                         0x08042ea4   Data          28  lv_spinner.o(.constdata)
    lv_tabview_class                         0x08042ec0   Data          28  lv_tabview.o(.constdata)
    lv_tileview_class                        0x08042edc   Data          28  lv_tileview.o(.constdata)
    lv_tileview_tile_class                   0x08042ef8   Data          28  lv_tileview.o(.constdata)
    lv_win_class                             0x08042f14   Data          28  lv_win.o(.constdata)
    _lv_style_builtin_prop_flag_lookup_table 0x08043164   Data         113  lv_style.o(.constdata)
    lv_arc_class                             0x080431dc   Data          28  lv_arc.o(.constdata)
    lv_bar_class                             0x080431f8   Data          28  lv_bar.o(.constdata)
    lv_btn_class                             0x08043214   Data          28  lv_btn.o(.constdata)
    lv_btnmatrix_class                       0x08043230   Data          28  lv_btnmatrix.o(.constdata)
    lv_checkbox_class                        0x0804324c   Data          28  lv_checkbox.o(.constdata)
    lv_dropdown_class                        0x08043268   Data          28  lv_dropdown.o(.constdata)
    lv_dropdownlist_class                    0x08043284   Data          28  lv_dropdown.o(.constdata)
    lv_img_class                             0x080432a0   Data          28  lv_img.o(.constdata)
    lv_label_class                           0x080432bc   Data          28  lv_label.o(.constdata)
    lv_line_class                            0x080432d8   Data          28  lv_line.o(.constdata)
    lv_roller_class                          0x080432f4   Data          28  lv_roller.o(.constdata)
    lv_roller_label_class                    0x08043310   Data          28  lv_roller.o(.constdata)
    lv_slider_class                          0x0804332c   Data          28  lv_slider.o(.constdata)
    lv_switch_class                          0x08043348   Data          28  lv_switch.o(.constdata)
    lv_table_class                           0x08043364   Data          28  lv_table.o(.constdata)
    lv_textarea_class                        0x08043380   Data          28  lv_textarea.o(.constdata)
    _pic_alpha_128x60_map                    0x0804339c   Data       23040  _pic_alpha_128x60.o(.constdata)
    _pic_alpha_128x60                        0x08048d9c   Data          12  _pic_alpha_128x60.o(.constdata)
    lv_font_SourceHanSerifSC_Regular_18      0x0804d744   Data          28  lv_font_sourcehanserifsc_regular_18.o(.constdata)
    lv_font_montserratMedium_10              0x0804fb3c   Data          28  lv_font_montserratmedium_10.o(.constdata)
    lv_font_SourceHanSerifSC_Regular_10      0x08051e60   Data          28  lv_font_sourcehanserifsc_regular_10.o(.constdata)
    lv_font_montserrat_14                    0x080553a4   Data          28  lv_font_montserrat_14.o(.constdata)
    lv_font_SourceHanSerifSC_Regular_9       0x0805c430   Data          28  lv_font_sourcehanserifsc_regular_9.o(.constdata)
    __ctype_categories                       0x0805c44c   Data          64  ctype_c.o(.constdata)
    Region$$Table$$Base                      0x0805d3e4   Number         0  anon$$obj.o(Region$$Table)
    Region$$Table$$Limit                     0x0805d404   Number         0  anon$$obj.o(Region$$Table)
    weather_info                             0x20000000   Data         120  main.o(.data)
    SystemCoreClock                          0x20000078   Data           4  system_stm32f4xx.o(.data)
    AHBPrescTable                            0x2000007c   Data          16  system_stm32f4xx.o(.data)
    ms_tick                                  0x2000009c   Data           4  timer.o(.data)
    pxCurrentTCB                             0x200000cc   Data           4  tasks.o(.data)
    uxTopUsedPriority                        0x20000104   Data           4  tasks.o(.data)
    log_rev_len                              0x20000120   Data           2  log.o(.data)
    log_rx_busy_flag                         0x20000122   Data           1  log.o(.data)
    LOGINIT                                  0x20000123   Data           1  log.o(.data)
    password                                 0x20000124   Data         128  log.o(.data)
    LCD                                      0x200001a4   Data          40  lcd.o(.data)
    POINT_COLOR                              0x200001cc   Data           2  lcd.o(.data)
    BACK_COLOR                               0x200001ce   Data           2  lcd.o(.data)
    DeviceCode                               0x200001d0   Data           2  lcd.o(.data)
    temperature                              0x200001f0   Data           4  dht11.o(.data)
    humidity                                 0x200001f4   Data           4  dht11.o(.data)
    at_rev_len                               0x200001f8   Data           2  at.o(.data)
    at_rx_busy_flag                          0x200001fa   Data           1  at.o(.data)
    ATINIT                                   0x200001fb   Data           1  at.o(.data)
    ATECHO                                   0x200001fc   Data           1  at.o(.data)
    at_status                                0x200001fd   Data           1  at.o(.data)
    disp_flush_enabled                       0x200001fe   Data           1  lv_port_disp.o(.data)
    LV_LAYOUT_FLEX                           0x20000244   Data           2  lv_flex.o(.data)
    LV_STYLE_FLEX_FLOW                       0x20000246   Data           2  lv_flex.o(.data)
    LV_STYLE_FLEX_MAIN_PLACE                 0x20000248   Data           2  lv_flex.o(.data)
    LV_STYLE_FLEX_CROSS_PLACE                0x2000024a   Data           2  lv_flex.o(.data)
    LV_STYLE_FLEX_TRACK_PLACE                0x2000024c   Data           2  lv_flex.o(.data)
    LV_STYLE_FLEX_GROW                       0x2000024e   Data           2  lv_flex.o(.data)
    LV_LAYOUT_GRID                           0x20000250   Data           2  lv_grid.o(.data)
    LV_STYLE_GRID_COLUMN_DSC_ARRAY           0x20000252   Data           2  lv_grid.o(.data)
    LV_STYLE_GRID_COLUMN_ALIGN               0x20000254   Data           2  lv_grid.o(.data)
    LV_STYLE_GRID_ROW_DSC_ARRAY              0x20000256   Data           2  lv_grid.o(.data)
    LV_STYLE_GRID_ROW_ALIGN                  0x20000258   Data           2  lv_grid.o(.data)
    LV_STYLE_GRID_CELL_COLUMN_POS            0x2000025a   Data           2  lv_grid.o(.data)
    LV_STYLE_GRID_CELL_COLUMN_SPAN           0x2000025c   Data           2  lv_grid.o(.data)
    LV_STYLE_GRID_CELL_X_ALIGN               0x2000025e   Data           2  lv_grid.o(.data)
    LV_STYLE_GRID_CELL_ROW_POS               0x20000260   Data           2  lv_grid.o(.data)
    LV_STYLE_GRID_CELL_ROW_SPAN              0x20000262   Data           2  lv_grid.o(.data)
    LV_STYLE_GRID_CELL_Y_ALIGN               0x20000264   Data           2  lv_grid.o(.data)
    _lv_layout_list                          0x20000364   Data           4  lv_gc.o(.data)
    _lv_timer_act                            0x20000368   Data           4  lv_gc.o(.data)
    _lv_theme_default_styles                 0x2000036c   Data           4  lv_gc.o(.data)
    _lv_theme_basic_styles                   0x20000370   Data           4  lv_gc.o(.data)
    _lv_font_decompr_buf                     0x20000374   Data           4  lv_gc.o(.data)
    _lv_grad_cache_mem                       0x20000378   Data           4  lv_gc.o(.data)
    _lv_style_custom_prop_flag_lookup_table  0x2000037c   Data           4  lv_gc.o(.data)
    _lv_style_custom_prop_flag_lookup_table_size 0x20000394   Data           4  lv_style.o(.data)
    _lv_txt_encoded_size                     0x200003b0   Data           4  lv_txt.o(.data)
    _lv_txt_unicode_to_encoded               0x200003b4   Data           4  lv_txt.o(.data)
    _lv_txt_encoded_conv_wc                  0x200003b8   Data           4  lv_txt.o(.data)
    _lv_txt_encoded_next                     0x200003bc   Data           4  lv_txt.o(.data)
    _lv_txt_encoded_prev                     0x200003c0   Data           4  lv_txt.o(.data)
    _lv_txt_encoded_get_byte_id              0x200003c4   Data           4  lv_txt.o(.data)
    _lv_txt_encoded_get_char_id              0x200003c8   Data           4  lv_txt.o(.data)
    _lv_txt_get_encoded_length               0x200003cc   Data           4  lv_txt.o(.data)
    __stdout                                 0x20000440   Data           4  stdout.o(.data)
    xQueueRegistry                           0x20002c48   Data          64  queue.o(.bss)
    ssid                                     0x20002fad   Data         128  log.o(.bss)
    lcddev                                   0x2000302e   Data          14  lcd.o(.bss)
    guider_ui                                0x2000303c   Data          84  init_page.o(.bss)
    AT_usartc                                0x20003090   Data          52  at.o(.bss)
    _lv_timer_ll                             0x20003e80   Data          12  lv_gc.o(.bss)
    _lv_disp_ll                              0x20003e8c   Data          12  lv_gc.o(.bss)
    _lv_indev_ll                             0x20003e98   Data          12  lv_gc.o(.bss)
    _lv_fsdrv_ll                             0x20003ea4   Data          12  lv_gc.o(.bss)
    _lv_anim_ll                              0x20003eb0   Data          12  lv_gc.o(.bss)
    _lv_group_ll                             0x20003ebc   Data          12  lv_gc.o(.bss)
    _lv_img_decoder_ll                       0x20003ec8   Data          12  lv_gc.o(.bss)
    _lv_obj_style_trans_ll                   0x20003ed4   Data          12  lv_gc.o(.bss)
    _lv_img_cache_single                     0x20003ee0   Data          44  lv_gc.o(.bss)
    lv_mem_buf                               0x20003f0c   Data         128  lv_gc.o(.bss)
    _lv_circle_cache                         0x20003f8c   Data         112  lv_gc.o(.bss)
    _lv_draw_mask_list                       0x20003ffc   Data         128  lv_gc.o(.bss)
    __initial_sp                             0x2000f080   Data           0  startup_stm32f40_41xxx.o(STACK)



==============================================================================

Memory Map of the image

  Image Entry point : 0x08000189

  Load Region LR_IROM1 (Base: 0x08000000, Size: 0x0005d84c, Max: 0x00080000, ABSOLUTE, COMPRESSED[0x0005d518])

    Execution Region ER_IROM1 (Exec base: 0x08000000, Load base: 0x08000000, Size: 0x0005d404, Max: 0x00080000, ABSOLUTE)

    Exec Addr    Load Addr    Size         Type   Attr      Idx    E Section Name        Object

    0x08000000   0x08000000   0x00000188   Data   RO          691    RESET               startup_stm32f40_41xxx.o
    0x08000188   0x08000188   0x00000000   Code   RO        25711  * .ARM.Collect$$$$00000000  mc_w.l(entry.o)
    0x08000188   0x08000188   0x00000004   Code   RO        26025    .ARM.Collect$$$$00000001  mc_w.l(entry2.o)
    0x0800018c   0x0800018c   0x00000004   Code   RO        26028    .ARM.Collect$$$$00000004  mc_w.l(entry5.o)
    0x08000190   0x08000190   0x00000000   Code   RO        26030    .ARM.Collect$$$$00000008  mc_w.l(entry7b.o)
    0x08000190   0x08000190   0x00000000   Code   RO        26032    .ARM.Collect$$$$0000000A  mc_w.l(entry8b.o)
    0x08000190   0x08000190   0x00000008   Code   RO        26033    .ARM.Collect$$$$0000000B  mc_w.l(entry9a.o)
    0x08000198   0x08000198   0x00000000   Code   RO        26035    .ARM.Collect$$$$0000000D  mc_w.l(entry10a.o)
    0x08000198   0x08000198   0x00000000   Code   RO        26037    .ARM.Collect$$$$0000000F  mc_w.l(entry11a.o)
    0x08000198   0x08000198   0x00000004   Code   RO        26026    .ARM.Collect$$$$00002712  mc_w.l(entry2.o)
    0x0800019c   0x0800019c   0x000000be   Code   RO         1718    .emb_text           port.o
    0x0800025a   0x0800025a   0x00000002   PAD
    0x0800025c   0x0800025c   0x00000610   Code   RO            3    .text               main.o
    0x0800086c   0x0800086c   0x00000014   Code   RO          608    .text               stm32f4xx_it.o
    0x08000880   0x08000880   0x00000210   Code   RO          665    .text               system_stm32f4xx.o
    0x08000a90   0x08000a90   0x00000024   Code   RO          692    .text               startup_stm32f40_41xxx.o
    0x08000ab4   0x08000ab4   0x000000e0   Code   RO          698    .text               misc.o
    0x08000b94   0x08000b94   0x000003a8   Code   RO          967    .text               stm32f4xx_dma.o
    0x08000f3c   0x08000f3c   0x00000294   Code   RO         1073    .text               stm32f4xx_gpio.o
    0x080011d0   0x080011d0   0x0000065c   Code   RO         1236    .text               stm32f4xx_rcc.o
    0x0800182c   0x0800182c   0x00000480   Code   RO         1341    .text               stm32f4xx_spi.o
    0x08001cac   0x08001cac   0x00000ca2   Code   RO         1381    .text               stm32f4xx_tim.o
    0x0800294e   0x0800294e   0x00000002   PAD
    0x08002950   0x08002950   0x00000454   Code   RO         1401    .text               stm32f4xx_usart.o
    0x08002da4   0x08002da4   0x000001bc   Code   RO         1459    .text               wifi_usart.o
    0x08002f60   0x08002f60   0x00000098   Code   RO         1499    .text               timer.o
    0x08002ff8   0x08002ff8   0x00000340   Code   RO         1719    .text               port.o
    0x08003338   0x08003338   0x00000340   Code   RO         1752    .text               heap_4.o
    0x08003678   0x08003678   0x00000094   Code   RO         1827    .text               list.o
    0x0800370c   0x0800370c   0x0000101c   Code   RO         1842    .text               queue.o
    0x08004728   0x08004728   0x00002054   Code   RO         1890    .text               tasks.o
    0x0800677c   0x0800677c   0x00000650   Code   RO         1912    .text               timers.o
    0x08006dcc   0x08006dcc   0x00000254   Code   RO         1935    .text               log.o
    0x08007020   0x08007020   0x000004de   Code   RO         1966    .text               lcd.o
    0x080074fe   0x080074fe   0x00000002   PAD
    0x08007500   0x08007500   0x00000128   Code   RO         2000    .text               spi.o
    0x08007628   0x08007628   0x0000041c   Code   RO         2053    .text               homepage.o
    0x08007a44   0x08007a44   0x000000ac   Code   RO         2084    .text               init_page.o
    0x08007af0   0x08007af0   0x00000230   Code   RO         2114    .text               dht11.o
    0x08007d20   0x08007d20   0x00000894   Code   RO         2144    .text               at.o
    0x080085b4   0x080085b4   0x000000bc   Code   RO         2177    .text               lv_port_disp.o
    0x08008670   0x08008670   0x00000790   Code   RO         2213    .text               lv_disp.o
    0x08008e00   0x08008e00   0x000007f6   Code   RO         2383    .text               lv_event.o
    0x080095f6   0x080095f6   0x00000002   PAD
    0x080095f8   0x080095f8   0x0000071c   Code   RO         2522    .text               lv_group.o
    0x08009d14   0x08009d14   0x000013bc   Code   RO         2683    .text               lv_indev.o
    0x0800b0d0   0x0800b0d0   0x00000e66   Code   RO         2742    .text               lv_indev_scroll.o
    0x0800bf36   0x0800bf36   0x00000002   PAD
    0x0800bf38   0x0800bf38   0x00001232   Code   RO         2827    .text               lv_obj.o
    0x0800d16a   0x0800d16a   0x0000022a   Code   RO         3168    .text               lv_obj_class.o
    0x0800d394   0x0800d394   0x000009f2   Code   RO         3182    .text               lv_obj_draw.o
    0x0800dd86   0x0800dd86   0x00000002   PAD
    0x0800dd88   0x0800dd88   0x00001ee8   Code   RO         3334    .text               lv_obj_pos.o
    0x0800fc70   0x0800fc70   0x00001598   Code   RO         3432    .text               lv_obj_scroll.o
    0x08011208   0x08011208   0x000013dc   Code   RO         3532    .text               lv_obj_style.o
    0x080125e4   0x080125e4   0x00000848   Code   RO         3631    .text               lv_obj_style_gen.o
    0x08012e2c   0x08012e2c   0x00000666   Code   RO         3676    .text               lv_obj_tree.o
    0x08013492   0x08013492   0x00000002   PAD
    0x08013494   0x08013494   0x00001614   Code   RO         3752    .text               lv_refr.o
    0x08014aa8   0x08014aa8   0x00000100   Code   RO         3855    .text               lv_theme.o
    0x08014ba8   0x08014ba8   0x0000011c   Code   RO         5096    .text               lv_draw_sw.o
    0x08014cc4   0x08014cc4   0x00000daa   Code   RO         5236    .text               lv_draw_sw_arc.o
    0x08015a6e   0x08015a6e   0x00000002   PAD
    0x08015a70   0x08015a70   0x00001014   Code   RO         5337    .text               lv_draw_sw_blend.o
    0x08016a84   0x08016a84   0x00000550   Code   RO         5474    .text               lv_draw_sw_gradient.o
    0x08016fd4   0x08016fd4   0x000005d6   Code   RO         5532    .text               lv_draw_sw_img.o
    0x080175aa   0x080175aa   0x0000023c   Code   RO         5626    .text               lv_draw_sw_layer.o
    0x080177e6   0x080177e6   0x00000002   PAD
    0x080177e8   0x080177e8   0x00000518   Code   RO         5710    .text               lv_draw_sw_letter.o
    0x08017d00   0x08017d00   0x000009f8   Code   RO         5806    .text               lv_draw_sw_line.o
    0x080186f8   0x080186f8   0x00000394   Code   RO         5898    .text               lv_draw_sw_polygon.o
    0x08018a8c   0x08018a8c   0x00002058   Code   RO         5963    .text               lv_draw_sw_rect.o
    0x0801aae4   0x0801aae4   0x0000084a   Code   RO         6050    .text               lv_draw_sw_transform.o
    0x0801b32e   0x0801b32e   0x00000012   Code   RO         6304    .text               lv_draw.o
    0x0801b340   0x0801b340   0x000004d2   Code   RO         6444    .text               lv_draw_arc.o
    0x0801b812   0x0801b812   0x00000002   PAD
    0x0801b814   0x0801b814   0x000004c0   Code   RO         6495    .text               lv_draw_img.o
    0x0801bcd4   0x0801bcd4   0x00000880   Code   RO         6613    .text               lv_draw_label.o
    0x0801c554   0x0801c554   0x000000ee   Code   RO         6707    .text               lv_draw_layer.o
    0x0801c642   0x0801c642   0x00000086   Code   RO         6764    .text               lv_draw_line.o
    0x0801c6c8   0x0801c6c8   0x00001da0   Code   RO         6916    .text               lv_draw_mask.o
    0x0801e468   0x0801e468   0x00000110   Code   RO         6981    .text               lv_draw_rect.o
    0x0801e578   0x0801e578   0x00000042   Code   RO         7036    .text               lv_draw_transform.o
    0x0801e5ba   0x0801e5ba   0x00000002   PAD
    0x0801e5bc   0x0801e5bc   0x0000099a   Code   RO         7081    .text               lv_img_buf.o
    0x0801ef56   0x0801ef56   0x00000002   PAD
    0x0801ef58   0x0801ef58   0x00000064   Code   RO         7121    .text               lv_img_cache.o
    0x0801efbc   0x0801efbc   0x00000ae8   Code   RO         7168    .text               lv_img_decoder.o
    0x0801faa4   0x0801faa4   0x00000f0c   Code   RO         7228    .text               lv_flex.o
    0x080209b0   0x080209b0   0x00000f2c   Code   RO         7402    .text               lv_grid.o
    0x080218dc   0x080218dc   0x00003264   Code   RO        14140    .text               lv_theme_default.o
    0x08024b40   0x08024b40   0x00000614   Code   RO        15405    .text               lv_calendar.o
    0x08025154   0x08025154   0x00000220   Code   RO        15825    .text               lv_calendar_header_arrow.o
    0x08025374   0x08025374   0x0000028c   Code   RO        16014    .text               lv_calendar_header_dropdown.o
    0x08025600   0x08025600   0x00002a12   Code   RO        16127    .text               lv_chart.o
    0x08028012   0x08028012   0x00000002   PAD
    0x08028014   0x08028014   0x00000e66   Code   RO        16545    .text               lv_colorwheel.o
    0x08028e7a   0x08028e7a   0x00000002   PAD
    0x08028e7c   0x08028e7c   0x00000424   Code   RO        17382    .text               lv_keyboard.o
    0x080292a0   0x080292a0   0x00000440   Code   RO        17566    .text               lv_led.o
    0x080296e0   0x080296e0   0x000009d8   Code   RO        18173    .text               lv_menu.o
    0x0802a0b8   0x0802a0b8   0x00001038   Code   RO        18356    .text               lv_meter.o
    0x0802b0f0   0x0802b0f0   0x00000694   Code   RO        19611    .text               lv_spinbox.o
    0x0802b784   0x0802b784   0x000000f8   Code   RO        20029    .text               lv_spinner.o
    0x0802b87c   0x0802b87c   0x0000067c   Code   RO        20448    .text               lv_tabview.o
    0x0802bef8   0x0802bef8   0x000002bc   Code   RO        20867    .text               lv_tileview.o
    0x0802c1b4   0x0802c1b4   0x00000140   Code   RO        21038    .text               lv_win.o
    0x0802c2f4   0x0802c2f4   0x0000000c   Code   RO        21457    .text               lv_extra.o
    0x0802c300   0x0802c300   0x00000664   Code   RO        21873    .text               lv_anim.o
    0x0802c964   0x0802c964   0x00000c10   Code   RO        21966    .text               lv_area.o
    0x0802d574   0x0802d574   0x000000ac   Code   RO        21982    .text               lv_async.o
    0x0802d620   0x0802d620   0x000004c8   Code   RO        22026    .text               lv_color.o
    0x0802dae8   0x0802dae8   0x000006bc   Code   RO        22042    .text               lv_fs.o
    0x0802e1a4   0x0802e1a4   0x000000e8   Code   RO        22082    .text               lv_gc.o
    0x0802e28c   0x0802e28c   0x00000342   Code   RO        22107    .text               lv_ll.o
    0x0802e5ce   0x0802e5ce   0x00000002   PAD
    0x0802e5d0   0x0802e5d0   0x00000264   Code   RO        22140    .text               lv_math.o
    0x0802e834   0x0802e834   0x000006ea   Code   RO        22155    .text               lv_mem.o
    0x0802ef1e   0x0802ef1e   0x00000002   PAD
    0x0802ef20   0x0802ef20   0x00000968   Code   RO        22173    .text               lv_printf.o
    0x0802f888   0x0802f888   0x000006a0   Code   RO        22185    .text               lv_style.o
    0x0802ff28   0x0802ff28   0x000006e0   Code   RO        22254    .text               lv_style_gen.o
    0x08030608   0x08030608   0x000002a0   Code   RO        22280    .text               lv_timer.o
    0x080308a8   0x080308a8   0x00000db0   Code   RO        22294    .text               lv_tlsf.o
    0x08031658   0x08031658   0x000008e4   Code   RO        22306    .text               lv_txt.o
    0x08031f3c   0x08031f3c   0x00000054   Code   RO        22409    .text               lv_utils.o
    0x08031f90   0x08031f90   0x0000011a   Code   RO        22424    .text               lv_font.o
    0x080320aa   0x080320aa   0x00000002   PAD
    0x080320ac   0x080320ac   0x00000814   Code   RO        22473    .text               lv_font_fmt_txt.o
    0x080328c0   0x080328c0   0x00001428   Code   RO        22955    .text               lv_arc.o
    0x08033ce8   0x08033ce8   0x00000ae8   Code   RO        23125    .text               lv_bar.o
    0x080347d0   0x080347d0   0x0000003c   Code   RO        23227    .text               lv_btn.o
    0x0803480c   0x0803480c   0x00001558   Code   RO        23251    .text               lv_btnmatrix.o
    0x08035d64   0x08035d64   0x00000554   Code   RO        23435    .text               lv_checkbox.o
    0x080362b8   0x080362b8   0x00001388   Code   RO        23526    .text               lv_dropdown.o
    0x08037640   0x08037640   0x00000eb8   Code   RO        23624    .text               lv_img.o
    0x080384f8   0x080384f8   0x00001668   Code   RO        23721    .text               lv_label.o
    0x08039b60   0x08039b60   0x00000284   Code   RO        23818    .text               lv_line.o
    0x08039de4   0x08039de4   0x00000df0   Code   RO        23843    .text               lv_roller.o
    0x0803abd4   0x0803abd4   0x00000bc2   Code   RO        23925    .text               lv_slider.o
    0x0803b796   0x0803b796   0x00000002   PAD
    0x0803b798   0x0803b798   0x0000046a   Code   RO        24038    .text               lv_switch.o
    0x0803bc02   0x0803bc02   0x00000002   PAD
    0x0803bc04   0x0803bc04   0x00001710   Code   RO        24139    .text               lv_table.o
    0x0803d314   0x0803d314   0x000016ce   Code   RO        24222    .text               lv_textarea.o
    0x0803e9e2   0x0803e9e2   0x00000002   PAD
    0x0803e9e4   0x0803e9e4   0x00000a3c   Code   RO        24321    .text               lv_hal_disp.o
    0x0803f420   0x0803f420   0x000001cc   Code   RO        24524    .text               lv_hal_indev.o
    0x0803f5ec   0x0803f5ec   0x0000004c   Code   RO        24689    .text               lv_hal_tick.o
    0x0803f638   0x0803f638   0x00000002   Code   RO        24933    .text               events_init.o
    0x0803f63a   0x0803f63a   0x00000134   Code   RO        24945    .text               gui_guider.o
    0x0803f76e   0x0803f76e   0x00000002   PAD
    0x0803f770   0x0803f770   0x000010f8   Code   RO        25189    .text               setup_scr_screen_home.o
    0x08040868   0x08040868   0x00000244   Code   RO        25428    .text               setup_scr_screen_init.o
    0x08040aac   0x08040aac   0x00000062   Code   RO        25714    .text               mc_w.l(uldiv.o)
    0x08040b0e   0x08040b0e   0x00000040   Code   RO        25718    .text               mc_w.l(memmovea.o)
    0x08040b4e   0x08040b4e   0x00000024   Code   RO        25722    .text               mc_w.l(memseta.o)
    0x08040b72   0x08040b72   0x00000018   Code   RO        25724    .text               mc_w.l(strcat.o)
    0x08040b8a   0x08040b8a   0x00000024   Code   RO        25726    .text               mc_w.l(strstr.o)
    0x08040bae   0x08040bae   0x00000018   Code   RO        25728    .text               mc_w.l(strncpy.o)
    0x08040bc6   0x08040bc6   0x00000014   Code   RO        25730    .text               mc_w.l(strchr.o)
    0x08040bda   0x08040bda   0x0000000e   Code   RO        25732    .text               mc_w.l(strlen.o)
    0x08040be8   0x08040be8   0x0000001c   Code   RO        25734    .text               mc_w.l(strcmp.o)
    0x08040c04   0x08040c04   0x0000001a   Code   RO        25736    .text               mc_w.l(memcmp.o)
    0x08040c1e   0x08040c1e   0x00000012   Code   RO        25738    .text               mc_w.l(strcpy.o)
    0x08040c30   0x08040c30   0x00000020   Code   RO        25740    .text               mc_w.l(strrchr.o)
    0x08040c50   0x08040c50   0x00000038   Code   RO        26007    .text               mc_w.l(__0sscanf.o)
    0x08040c88   0x08040c88   0x0000014c   Code   RO        26009    .text               mc_w.l(_scanf_int.o)
    0x08040dd4   0x08040dd4   0x000000e0   Code   RO        26011    .text               mc_w.l(_scanf_str.o)
    0x08040eb4   0x08040eb4   0x0000014e   Code   RO        26013    .text               mf_w.l(dadd.o)
    0x08041002   0x08041002   0x000000e4   Code   RO        26015    .text               mf_w.l(dmul.o)
    0x080410e6   0x080410e6   0x0000001a   Code   RO        26017    .text               mf_w.l(dfltui.o)
    0x08041100   0x08041100   0x00000032   Code   RO        26019    .text               mf_w.l(dfixui.o)
    0x08041132   0x08041132   0x00000026   Code   RO        26021    .text               mf_w.l(f2d.o)
    0x08041158   0x08041158   0x00000038   Code   RO        26023    .text               mf_w.l(d2f.o)
    0x08041190   0x08041190   0x0000002c   Code   RO        26040    .text               mc_w.l(uidiv.o)
    0x080411bc   0x080411bc   0x0000001e   Code   RO        26042    .text               mc_w.l(llshl.o)
    0x080411da   0x080411da   0x00000020   Code   RO        26044    .text               mc_w.l(llushr.o)
    0x080411fa   0x080411fa   0x00000024   Code   RO        26046    .text               mc_w.l(llsshr.o)
    0x0804121e   0x0804121e   0x0000001c   Code   RO        26055    .text               mc_w.l(_chval.o)
    0x0804123a   0x0804123a   0x00000002   PAD
    0x0804123c   0x0804123c   0x00000028   Code   RO        26057    .text               mc_w.l(scanf_char.o)
    0x08041264   0x08041264   0x00000040   Code   RO        26059    .text               mc_w.l(_sgetc.o)
    0x080412a4   0x080412a4   0x0000009c   Code   RO        26061    .text               mc_w.l(strtod.o)
    0x08041340   0x08041340   0x00000000   Code   RO        26063    .text               mc_w.l(iusefp.o)
    0x08041340   0x08041340   0x0000006e   Code   RO        26064    .text               mf_w.l(fepilogue.o)
    0x080413ae   0x080413ae   0x000000ba   Code   RO        26066    .text               mf_w.l(depilogue.o)
    0x08041468   0x08041468   0x000000de   Code   RO        26068    .text               mf_w.l(ddiv.o)
    0x08041546   0x08041546   0x00000030   Code   RO        26070    .text               mf_w.l(dfixul.o)
    0x08041576   0x08041576   0x00000002   PAD
    0x08041578   0x08041578   0x00000030   Code   RO        26072    .text               mf_w.l(cdrcmple.o)
    0x080415a8   0x080415a8   0x00000024   Code   RO        26074    .text               mc_w.l(init.o)
    0x080415cc   0x080415cc   0x0000000a   Code   RO        26076    .text               mc_w.l(isspace_c.o)
    0x080415d6   0x080415d6   0x00000002   PAD
    0x080415d8   0x080415d8   0x0000032c   Code   RO        26078    .text               mc_w.l(_scanf.o)
    0x08041904   0x08041904   0x00000360   Code   RO        26080    .text               mc_w.l(scanf_fp.o)
    0x08041c64   0x08041c64   0x00000028   Code   RO        26084    .text               mc_w.l(ctype_c.o)
    0x08041c8c   0x08041c8c   0x00000018   Code   RO        26087    .text               mf_w.l(dfltul.o)
    0x08041ca4   0x08041ca4   0x00000056   Code   RO        26097    .text               mc_w.l(__dczerorl2.o)
    0x08041cfa   0x08041cfa   0x00000002   PAD
    0x08041cfc   0x08041cfc   0x00000020   Code   RO        25979    i.__0printf         mc_w.l(printfa.o)
    0x08041d1c   0x08041d1c   0x00000030   Code   RO        25980    i.__0snprintf       mc_w.l(printfa.o)
    0x08041d4c   0x08041d4c   0x00000004   PAD
    0x08041d50   0x08041d50   0x00000038   Code   RO        25705    i.__hardfp_atof     m_wm.l(atof.o)
    0x08041d88   0x08041d88   0x0000000c   Code   RO        26049    i.__read_errno      mc_w.l(errno.o)
    0x08041d94   0x08041d94   0x0000000e   Code   RO        26091    i.__scatterload_copy  mc_w.l(handlers.o)
    0x08041da2   0x08041da2   0x00000002   Code   RO        26092    i.__scatterload_null  mc_w.l(handlers.o)
    0x08041da4   0x08041da4   0x0000000e   Code   RO        26093    i.__scatterload_zeroinit  mc_w.l(handlers.o)
    0x08041db2   0x08041db2   0x00000002   PAD
    0x08041db4   0x08041db4   0x0000000c   Code   RO        26050    i.__set_errno       mc_w.l(errno.o)
    0x08041dc0   0x08041dc0   0x00000184   Code   RO        25986    i._fp_digits        mc_w.l(printfa.o)
    0x08041f44   0x08041f44   0x0000000e   Code   RO        26082    i._is_digit         mc_w.l(scanf_fp.o)
    0x08041f52   0x08041f52   0x00000002   PAD
    0x08041f54   0x08041f54   0x000006dc   Code   RO        25987    i._printf_core      mc_w.l(printfa.o)
    0x08042630   0x08042630   0x00000024   Code   RO        25988    i._printf_post_padding  mc_w.l(printfa.o)
    0x08042654   0x08042654   0x0000002e   Code   RO        25989    i._printf_pre_padding  mc_w.l(printfa.o)
    0x08042682   0x08042682   0x00000016   Code   RO        25990    i._snputc           mc_w.l(printfa.o)
    0x08042698   0x08042698   0x00000050   Data   RO            4    .constdata          main.o
    0x080426e8   0x080426e8   0x00000020   Data   RO         2146    .constdata          at.o
    0x08042708   0x08042708   0x0000001c   Data   RO         2828    .constdata          lv_obj.o
    0x08042724   0x08042724   0x00000008   Data   RO         3335    .constdata          lv_obj_pos.o
    0x0804272c   0x0804272c   0x0000011e   Data   RO         5712    .constdata          lv_draw_sw_letter.o
    0x0804284a   0x0804284a   0x00000021   Data   RO         5807    .constdata          lv_draw_sw_line.o
    0x0804286b   0x0804286b   0x00000001   PAD
    0x0804286c   0x0804286c   0x00000008   Data   RO         5899    .constdata          lv_draw_sw_polygon.o
    0x08042874   0x08042874   0x00000016   Data   RO        14142    .constdata          lv_theme_default.o
    0x0804288a   0x0804288a   0x00000002   PAD
    0x0804288c   0x0804288c   0x0000001c   Data   RO        15406    .constdata          lv_calendar.o
    0x080428a8   0x080428a8   0x0000001c   Data   RO        15826    .constdata          lv_calendar_header_arrow.o
    0x080428c4   0x080428c4   0x0000001c   Data   RO        16015    .constdata          lv_calendar_header_dropdown.o
    0x080428e0   0x080428e0   0x0000001c   Data   RO        16128    .constdata          lv_chart.o
    0x080428fc   0x080428fc   0x0000001c   Data   RO        16546    .constdata          lv_colorwheel.o
    0x08042918   0x08042918   0x00000392   Data   RO        17383    .constdata          lv_keyboard.o
    0x08042caa   0x08042caa   0x00000002   PAD
    0x08042cac   0x08042cac   0x0000001c   Data   RO        17567    .constdata          lv_led.o
    0x08042cc8   0x08042cc8   0x00000054   Data   RO        17985    .constdata          lv_list.o
    0x08042d1c   0x08042d1c   0x000000fc   Data   RO        18174    .constdata          lv_menu.o
    0x08042e18   0x08042e18   0x0000001c   Data   RO        18357    .constdata          lv_meter.o
    0x08042e34   0x08042e34   0x00000054   Data   RO        18775    .constdata          lv_msgbox.o
    0x08042e88   0x08042e88   0x0000001c   Data   RO        19612    .constdata          lv_spinbox.o
    0x08042ea4   0x08042ea4   0x0000001c   Data   RO        20030    .constdata          lv_spinner.o
    0x08042ec0   0x08042ec0   0x0000001c   Data   RO        20449    .constdata          lv_tabview.o
    0x08042edc   0x08042edc   0x00000038   Data   RO        20868    .constdata          lv_tileview.o
    0x08042f14   0x08042f14   0x0000001c   Data   RO        21039    .constdata          lv_win.o
    0x08042f30   0x08042f30   0x0000017c   Data   RO        22027    .constdata          lv_color.o
    0x080430ac   0x080430ac   0x000000b6   Data   RO        22141    .constdata          lv_math.o
    0x08043162   0x08043162   0x00000002   PAD
    0x08043164   0x08043164   0x00000078   Data   RO        22186    .constdata          lv_style.o
    0x080431dc   0x080431dc   0x0000001c   Data   RO        22956    .constdata          lv_arc.o
    0x080431f8   0x080431f8   0x0000001c   Data   RO        23126    .constdata          lv_bar.o
    0x08043214   0x08043214   0x0000001c   Data   RO        23228    .constdata          lv_btn.o
    0x08043230   0x08043230   0x0000001c   Data   RO        23252    .constdata          lv_btnmatrix.o
    0x0804324c   0x0804324c   0x0000001c   Data   RO        23436    .constdata          lv_checkbox.o
    0x08043268   0x08043268   0x00000038   Data   RO        23527    .constdata          lv_dropdown.o
    0x080432a0   0x080432a0   0x0000001c   Data   RO        23625    .constdata          lv_img.o
    0x080432bc   0x080432bc   0x0000001c   Data   RO        23722    .constdata          lv_label.o
    0x080432d8   0x080432d8   0x0000001c   Data   RO        23819    .constdata          lv_line.o
    0x080432f4   0x080432f4   0x00000038   Data   RO        23844    .constdata          lv_roller.o
    0x0804332c   0x0804332c   0x0000001c   Data   RO        23926    .constdata          lv_slider.o
    0x08043348   0x08043348   0x0000001c   Data   RO        24039    .constdata          lv_switch.o
    0x08043364   0x08043364   0x0000001c   Data   RO        24140    .constdata          lv_table.o
    0x08043380   0x08043380   0x0000001c   Data   RO        24223    .constdata          lv_textarea.o
    0x0804339c   0x0804339c   0x00005a0c   Data   RO        25440    .constdata          _pic_alpha_128x60.o
    0x08048da8   0x08048da8   0x000049b8   Data   RO        25449    .constdata          lv_font_sourcehanserifsc_regular_18.o
    0x0804d760   0x0804d760   0x000023f8   Data   RO        25459    .constdata          lv_font_montserratmedium_10.o
    0x0804fb58   0x0804fb58   0x00002324   Data   RO        25469    .constdata          lv_font_sourcehanserifsc_regular_10.o
    0x08051e7c   0x08051e7c   0x00003544   Data   RO        25479    .constdata          lv_font_montserrat_14.o
    0x080553c0   0x080553c0   0x0000708c   Data   RO        25695    .constdata          lv_font_sourcehanserifsc_regular_9.o
    0x0805c44c   0x0805c44c   0x00000040   Data   RO        26085    .constdata          mc_w.l(ctype_c.o)
    0x0805c48c   0x0805c48c   0x000000f8   Data   RO            5    .conststring        main.o
    0x0805c584   0x0805c584   0x00000054   Data   RO         1937    .conststring        log.o
    0x0805c5d8   0x0805c5d8   0x00000052   Data   RO         2054    .conststring        homepage.o
    0x0805c62a   0x0805c62a   0x00000002   PAD
    0x0805c62c   0x0805c62c   0x0000001e   Data   RO         2147    .conststring        at.o
    0x0805c64a   0x0805c64a   0x00000002   PAD
    0x0805c64c   0x0805c64c   0x0000001b   Data   RO        15407    .conststring        lv_calendar.o
    0x0805c667   0x0805c667   0x00000001   PAD
    0x0805c668   0x0805c668   0x00000069   Data   RO        15827    .conststring        lv_calendar_header_arrow.o
    0x0805c6d1   0x0805c6d1   0x00000003   PAD
    0x0805c6d4   0x0805c6d4   0x0000028c   Data   RO        16016    .conststring        lv_calendar_header_dropdown.o
    0x0805c960   0x0805c960   0x00000184   Data   RO        17384    .conststring        lv_keyboard.o
    0x0805cae4   0x0805cae4   0x00000025   Data   RO        23253    .conststring        lv_btnmatrix.o
    0x0805cb09   0x0805cb09   0x00000003   PAD
    0x0805cb0c   0x0805cb0c   0x000008d5   Data   RO        25190    .conststring        setup_scr_screen_home.o
    0x0805d3e1   0x0805d3e1   0x00000003   PAD
    0x0805d3e4   0x0805d3e4   0x00000020   Data   RO        26089    Region$$Table       anon$$obj.o


    Execution Region RW_IRAM1 (Exec base: 0x20000000, Load base: 0x0805d404, Size: 0x0000f080, Max: 0x00020000, ABSOLUTE, COMPRESSED[0x00000114])

    Exec Addr    Load Addr    Size         Type   Attr      Idx    E Section Name        Object

    0x20000000   COMPRESSED   0x00000078   Data   RW            6    .data               main.o
    0x20000078   COMPRESSED   0x00000014   Data   RW          666    .data               system_stm32f4xx.o
    0x2000008c   COMPRESSED   0x00000010   Data   RW         1237    .data               stm32f4xx_rcc.o
    0x2000009c   COMPRESSED   0x00000004   Data   RW         1500    .data               timer.o
    0x200000a0   COMPRESSED   0x0000000c   Data   RW         1720    .data               port.o
    0x200000ac   COMPRESSED   0x00000020   Data   RW         1754    .data               heap_4.o
    0x200000cc   COMPRESSED   0x00000040   Data   RW         1892    .data               tasks.o
    0x2000010c   COMPRESSED   0x00000014   Data   RW         1914    .data               timers.o
    0x20000120   COMPRESSED   0x00000084   Data   RW         1938    .data               log.o
    0x200001a4   COMPRESSED   0x0000002e   Data   RW         1968    .data               lcd.o
    0x200001d2   COMPRESSED   0x00000002   PAD
    0x200001d4   COMPRESSED   0x0000001c   Data   RW         2055    .data               homepage.o
    0x200001f0   COMPRESSED   0x00000008   Data   RW         2115    .data               dht11.o
    0x200001f8   COMPRESSED   0x00000006   Data   RW         2148    .data               at.o
    0x200001fe   COMPRESSED   0x00000001   Data   RW         2179    .data               lv_port_disp.o
    0x200001ff   COMPRESSED   0x00000001   PAD
    0x20000200   COMPRESSED   0x00000008   Data   RW         2384    .data               lv_event.o
    0x20000208   COMPRESSED   0x00000004   Data   RW         2523    .data               lv_group.o
    0x2000020c   COMPRESSED   0x00000009   Data   RW         2684    .data               lv_indev.o
    0x20000215   COMPRESSED   0x00000003   PAD
    0x20000218   COMPRESSED   0x00000008   Data   RW         2829    .data               lv_obj.o
    0x20000220   COMPRESSED   0x00000005   Data   RW         3336    .data               lv_obj_pos.o
    0x20000225   COMPRESSED   0x00000001   Data   RW         3533    .data               lv_obj_style.o
    0x20000226   COMPRESSED   0x00000002   PAD
    0x20000228   COMPRESSED   0x00000008   Data   RW         3753    .data               lv_refr.o
    0x20000230   COMPRESSED   0x00000009   Data   RW         5475    .data               lv_draw_sw_gradient.o
    0x20000239   COMPRESSED   0x00000003   PAD
    0x2000023c   COMPRESSED   0x00000008   Data   RW         5713    .data               lv_draw_sw_letter.o
    0x20000244   COMPRESSED   0x0000000c   Data   RW         7229    .data               lv_flex.o
    0x20000250   COMPRESSED   0x00000016   Data   RW         7403    .data               lv_grid.o
    0x20000266   COMPRESSED   0x00000002   PAD
    0x20000268   COMPRESSED   0x00000020   Data   RW        14143    .data               lv_theme_default.o
    0x20000288   COMPRESSED   0x0000001c   Data   RW        15408    .data               lv_calendar.o
    0x200002a4   COMPRESSED   0x00000030   Data   RW        15828    .data               lv_calendar_header_arrow.o
    0x200002d4   COMPRESSED   0x00000008   Data   RW        16017    .data               lv_calendar_header_dropdown.o
    0x200002dc   COMPRESSED   0x0000000a   Data   RW        16547    .data               lv_colorwheel.o
    0x200002e6   COMPRESSED   0x00000002   PAD
    0x200002e8   COMPRESSED   0x00000048   Data   RW        17385    .data               lv_keyboard.o
    0x20000330   COMPRESSED   0x00000008   Data   RW        20031    .data               lv_spinner.o
    0x20000338   COMPRESSED   0x00000004   Data   RW        20450    .data               lv_tabview.o
    0x2000033c   COMPRESSED   0x0000000c   Data   RW        20869    .data               lv_tileview.o
    0x20000348   COMPRESSED   0x00000002   Data   RW        21040    .data               lv_win.o
    0x2000034a   COMPRESSED   0x00000002   PAD
    0x2000034c   COMPRESSED   0x0000000c   Data   RW        21874    .data               lv_anim.o
    0x20000358   COMPRESSED   0x0000000c   Data   RW        21967    .data               lv_area.o
    0x20000364   COMPRESSED   0x0000001c   Data   RW        22084    .data               lv_gc.o
    0x20000380   COMPRESSED   0x00000004   Data   RW        22142    .data               lv_math.o
    0x20000384   COMPRESSED   0x00000010   Data   RW        22157    .data               lv_mem.o
    0x20000394   COMPRESSED   0x00000006   Data   RW        22187    .data               lv_style.o
    0x2000039a   COMPRESSED   0x00000002   PAD
    0x2000039c   COMPRESSED   0x00000014   Data   RW        22281    .data               lv_timer.o
    0x200003b0   COMPRESSED   0x00000020   Data   RW        22307    .data               lv_txt.o
    0x200003d0   COMPRESSED   0x00000010   Data   RW        22474    .data               lv_font_fmt_txt.o
    0x200003e0   COMPRESSED   0x0000001c   Data   RW        23254    .data               lv_btnmatrix.o
    0x200003fc   COMPRESSED   0x00000004   Data   RW        24224    .data               lv_textarea.o
    0x20000400   COMPRESSED   0x0000000d   Data   RW        24322    .data               lv_hal_disp.o
    0x2000040d   COMPRESSED   0x00000003   PAD
    0x20000410   COMPRESSED   0x00000005   Data   RW        24690    .data               lv_hal_tick.o
    0x20000415   COMPRESSED   0x00000003   PAD
    0x20000418   COMPRESSED   0x00000008   Data   RW        25450    .data               lv_font_sourcehanserifsc_regular_18.o
    0x20000420   COMPRESSED   0x00000008   Data   RW        25460    .data               lv_font_montserratmedium_10.o
    0x20000428   COMPRESSED   0x00000008   Data   RW        25470    .data               lv_font_sourcehanserifsc_regular_10.o
    0x20000430   COMPRESSED   0x00000008   Data   RW        25480    .data               lv_font_montserrat_14.o
    0x20000438   COMPRESSED   0x00000008   Data   RW        25696    .data               lv_font_sourcehanserifsc_regular_9.o
    0x20000440   COMPRESSED   0x00000004   Data   RW        26039    .data               mc_w.l(stdout.o)
    0x20000444   COMPRESSED   0x00000004   Data   RW        26051    .data               mc_w.l(errno.o)
    0x20000448        -       0x00002800   Zero   RW         1753    .bss                heap_4.o
    0x20002c48        -       0x00000040   Zero   RW         1843    .bss                queue.o
    0x20002c88        -       0x000000c8   Zero   RW         1891    .bss                tasks.o
    0x20002d50        -       0x00000028   Zero   RW         1913    .bss                timers.o
    0x20002d78        -       0x000002b5   Zero   RW         1936    .bss                log.o
    0x2000302d   COMPRESSED   0x00000001   PAD
    0x2000302e        -       0x0000000e   Zero   RW         1967    .bss                lcd.o
    0x2000303c        -       0x00000054   Zero   RW         2085    .bss                init_page.o
    0x20003090        -       0x00000235   Zero   RW         2145    .bss                at.o
    0x200032c5   COMPRESSED   0x00000003   PAD
    0x200032c8        -       0x00000a6c   Zero   RW         2178    .bss                lv_port_disp.o
    0x20003d34        -       0x00000100   Zero   RW         5711    .bss                lv_draw_sw_letter.o
    0x20003e34        -       0x0000004c   Zero   RW        14141    .bss                lv_theme_default.o
    0x20003e80        -       0x000001fc   Zero   RW        22083    .bss                lv_gc.o
    0x2000407c        -       0x0000a000   Zero   RW        22156    .bss                lv_mem.o
    0x2000e07c   COMPRESSED   0x00000004   PAD
    0x2000e080        -       0x00001000   Zero   RW          689    STACK               startup_stm32f40_41xxx.o


==============================================================================

Image component sizes


      Code (inc. data)   RO Data    RW Data    ZI Data      Debug   Object Name

         0          0      23052          0          0        658   _pic_alpha_128x60.o
      2196        502         62          6        565       7388   at.o
       560         32          0          8          0       2062   dht11.o
         0          0          0          0          0      12060   event_groups.o
         2          0          0          0          0        494   events_init.o
       308          0          0          0          0      35388   gui_guider.o
       832         32          0         32      10240      18722   heap_4.o
      1052        418         82         28          0       4416   homepage.o
       172         12          0          0         84       3854   init_page.o
      1246         28          0         46         14       5656   lcd.o
         0          0          0          0          0        380   lcd_gui.o
       148          0          0          0          0       2022   list.o
       596        180         84        132        693       2275   log.o
      1636         32          0         12          0      28397   lv_anim.o
      5160         10         28          0          0      74035   lv_arc.o
      3088         34          0         12          0      11396   lv_area.o
       172          4          0          0          0       2133   lv_async.o
      2792         28         28          0          0      55767   lv_bar.o
         0          0          0          0          0       5059   lv_bidi.o
        60          6         28          0          0       1367   lv_btn.o
      5464         24         65         28          0      53443   lv_btnmatrix.o
      1556         28         55         28          0      58338   lv_calendar.o
       544         32        133         48          0      50411   lv_calendar_header_arrow.o
       652         28        680          8          0      34612   lv_calendar_header_dropdown.o
     10770         28         28          0          0      90582   lv_chart.o
      1364         16         28          0          0      45612   lv_checkbox.o
      1224         24        380          0          0      11028   lv_color.o
      3686         34         28         10          0      75541   lv_colorwheel.o
      1936         36          0          0          0      55211   lv_disp.o
        18          0          0          0          0      30988   lv_draw.o
      1234          0          0          0          0      21540   lv_draw_arc.o
      1216         38          0          0          0      28773   lv_draw_img.o
      2176         20          0          0          0      27164   lv_draw_label.o
       238          0          0          0          0      18005   lv_draw_layer.o
       134          0          0          0          0      30426   lv_draw_line.o
      7584         40          0          0          0      25661   lv_draw_mask.o
       272          6          0          0          0      22167   lv_draw_rect.o
       284         52          0          0          0      38635   lv_draw_sw.o
      3498          0          0          0          0      34474   lv_draw_sw_arc.o
      4116         16          0          0          0      50163   lv_draw_sw_blend.o
      1360         32          0          9          0      20486   lv_draw_sw_gradient.o
      1494          0          0          0          0      29075   lv_draw_sw_img.o
       572          0          0          0          0      31633   lv_draw_sw_layer.o
      1304         28        286          8        256      22495   lv_draw_sw_letter.o
      2552          4         33          0          0      23912   lv_draw_sw_line.o
       916          6          8          0          0      19723   lv_draw_sw_polygon.o
      8280          0          0          0          0      30732   lv_draw_sw_rect.o
      2122          4          0          0          0      39270   lv_draw_sw_transform.o
        66          0          0          0          0      12136   lv_draw_transform.o
      5000         64         56          0          0      57169   lv_dropdown.o
      2038         36          0          8          0      50007   lv_event.o
        12          0          0          0          0        492   lv_extra.o
      3852         82          0         12          0      71457   lv_flex.o
       282          0          0          0          0       6355   lv_font.o
      2068         64          0         16          0       9785   lv_font_fmt_txt.o
         0          0      13636          8          0       2348   lv_font_montserrat_14.o
         0          0       9208          8          0       1002   lv_font_montserratmedium_10.o
         0          0       8996          8          0       1050   lv_font_sourcehanserifsc_regular_10.o
         0          0      18872          8          0       1050   lv_font_sourcehanserifsc_regular_18.o
         0          0      28812          8          0       1041   lv_font_sourcehanserifsc_regular_9.o
      1724         16          0          0          0       9683   lv_fs.o
       232         76          0         28        508       2147   lv_gc.o
      3884        110          0         22          0      78061   lv_grid.o
      1820         26          0          4          0      54144   lv_group.o
      2620         86          0         13          0      58025   lv_hal_disp.o
       460         10          0          0          0      46367   lv_hal_indev.o
        76         10          0          5          0       1532   lv_hal_tick.o
      3768         10         28          0          0      52266   lv_img.o
      2458         38          0          0          0      16291   lv_img_buf.o
       100          6          0          0          0       5707   lv_img_cache.o
      2792         34          0          0          0      18009   lv_img_decoder.o
      5052         52          0          9          0      35152   lv_indev.o
      3686          8          0          0          0      48411   lv_indev_scroll.o
      1060         66       1302         72          0      55742   lv_keyboard.o
      5736         74         28          0          0      62009   lv_label.o
      1088          8         28          0          0      54203   lv_led.o
       644          4         28          0          0      12850   lv_line.o
         0          0         84          0          0      48225   lv_list.o
       834          0          0          0          0       5675   lv_ll.o
       612         10        182          4          0       3513   lv_math.o
      1770         32          0         16      40960       6599   lv_mem.o
      2520         66        252          0          0      59368   lv_menu.o
      4152         22         28          0          0      76787   lv_meter.o
         0          0         84          0          0      51067   lv_msgbox.o
      4658         44         28          8          0      58228   lv_obj.o
       554          0          0          0          0       2920   lv_obj_class.o
      2546          0          0          0          0      64421   lv_obj_draw.o
      7912         64          8          5          0      62962   lv_obj_pos.o
      5528         48          0          0          0      58740   lv_obj_scroll.o
      5084         52          0          1          0      61827   lv_obj_style.o
      2120          0          0          0          0      41475   lv_obj_style_gen.o
      1638          8          0          0          0      35481   lv_obj_tree.o
       188         20          0          1       2668       2128   lv_port_disp.o
      2408         10          0          0          0       8059   lv_printf.o
      5652         30          0          8          0      53582   lv_refr.o
      3568         88         56          0          0      51508   lv_roller.o
      3010          6         28          0          0      49870   lv_slider.o
      1684         18         28          0          0      59052   lv_spinbox.o
       248         26         28          8          0      52631   lv_spinner.o
      1696         44        120          6          0      23244   lv_style.o
      1760          0          0          0          0      35480   lv_style_gen.o
      1130         14         28          0          0      45242   lv_switch.o
      5904         18         28          0          0      57984   lv_table.o
      1660         42         28          4          0      66453   lv_tabview.o
      5838        100         28          4          0      65908   lv_textarea.o
       256          8          0          0          0      51002   lv_theme.o
     12900        516         22         32         76      62764   lv_theme_default.o
       700         24         56         12          0      52161   lv_tileview.o
       672         40          0         20          0       5225   lv_timer.o
      3504          8          0          0          0      19682   lv_tlsf.o
      2276         36          0         32          0      14137   lv_txt.o
        84          0          0          0          0        916   lv_utils.o
       320          8         28          2          0      52204   lv_win.o
      1552        786        328        120          0     381841   main.o
       224         20          0          0          0     230929   misc.o
      1022         52          0         12          0       8831   port.o
      4124         18          0          0         64      21896   queue.o
      4344        142       2261          0          0      35404   setup_scr_screen_home.o
       580         22          0          0          0       1024   setup_scr_screen_init.o
       296          8          0          0          0       1985   spi.o
        36          8        392          0       4096        820   startup_stm32f40_41xxx.o
       936         32          0          0          0       6381   stm32f4xx_dma.o
       660         44          0          0          0       4145   stm32f4xx_gpio.o
        20          0          0          0          0       9559   stm32f4xx_it.o
      1628         52          0         16          0      13016   stm32f4xx_rcc.o
      1152         36          0          0          0       6893   stm32f4xx_spi.o
      3234         60          0          0          0      23000   stm32f4xx_tim.o
      1108         34          0          0          0       7868   stm32f4xx_usart.o
       528         46          0         20          0       1759   system_stm32f4xx.o
      8276        400          0         64        200      37233   tasks.o
       152          8          0          4          0      18743   timer.o
      1616         72          0         20         40      14799   timers.o
       444         24          0          0          0       5244   wifi_usart.o

    ----------------------------------------------------------------------
    264464       5960     110260       1088      60472    4416010   Object Totals
         0          0         32          0          0          0   (incl. Generated)
        42          0         21         25          8          0   (incl. Padding)

    ----------------------------------------------------------------------

      Code (inc. data)   RO Data    RW Data    ZI Data      Debug   Library Member Name

        56         12          0          0          0        132   atof.o
        56          8          0          0          0         84   __0sscanf.o
        86          0          0          0          0          0   __dczerorl2.o
        28          0          0          0          0         68   _chval.o
       812          4          0          0          0        112   _scanf.o
       332          0          0          0          0         96   _scanf_int.o
       224          0          0          0          0         96   _scanf_str.o
        64          0          0          0          0         84   _sgetc.o
        40          6         64          0          0         68   ctype_c.o
         0          0          0          0          0          0   entry.o
         0          0          0          0          0          0   entry10a.o
         0          0          0          0          0          0   entry11a.o
         8          4          0          0          0          0   entry2.o
         4          0          0          0          0          0   entry5.o
         0          0          0          0          0          0   entry7b.o
         0          0          0          0          0          0   entry8b.o
         8          4          0          0          0          0   entry9a.o
        24         12          0          4          0        136   errno.o
        30          0          0          0          0          0   handlers.o
        36          8          0          0          0         68   init.o
        10          0          0          0          0         68   isspace_c.o
         0          0          0          0          0          0   iusefp.o
        30          0          0          0          0         68   llshl.o
        36          0          0          0          0         68   llsshr.o
        32          0          0          0          0         68   llushr.o
        26          0          0          0          0         80   memcmp.o
        64          0          0          0          0         76   memmovea.o
        36          0          0          0          0        108   memseta.o
      2328         94          0          0          0        604   printfa.o
        40          8          0          0          0         84   scanf_char.o
       878         12          0          0          0        216   scanf_fp.o
         0          0          0          4          0          0   stdout.o
        24          0          0          0          0         68   strcat.o
        20          0          0          0          0         68   strchr.o
        28          0          0          0          0         76   strcmp.o
        18          0          0          0          0         68   strcpy.o
        14          0          0          0          0         68   strlen.o
        24          0          0          0          0         76   strncpy.o
        32          0          0          0          0         68   strrchr.o
        36          0          0          0          0         80   strstr.o
       156         12          0          0          0        120   strtod.o
        44          0          0          0          0         80   uidiv.o
        98          0          0          0          0         92   uldiv.o
        48          0          0          0          0         68   cdrcmple.o
        56          0          0          0          0         88   d2f.o
       334          0          0          0          0        148   dadd.o
       222          0          0          0          0        100   ddiv.o
       186          0          0          0          0        176   depilogue.o
        50          0          0          0          0         76   dfixui.o
        48          0          0          0          0         68   dfixul.o
        26          0          0          0          0         76   dfltui.o
        24          0          0          0          0         76   dfltul.o
       228          0          0          0          0         96   dmul.o
        38          0          0          0          0         68   f2d.o
       110          0          0          0          0        168   fepilogue.o

    ----------------------------------------------------------------------
      7168        188         64          8          0       4456   Library Totals
        16          4          0          0          0          0   (incl. Padding)

    ----------------------------------------------------------------------

      Code (inc. data)   RO Data    RW Data    ZI Data      Debug   Library Name

        56         12          0          0          0        132   m_wm.l
      5726        172         64          8          0       3116   mc_w.l
      1370          0          0          0          0       1208   mf_w.l

    ----------------------------------------------------------------------
      7168        188         64          8          0       4456   Library Totals

    ----------------------------------------------------------------------

==============================================================================


      Code (inc. data)   RO Data    RW Data    ZI Data      Debug   

    271632       6148     110324       1096      60472    4393858   Grand Totals
    271632       6148     110324        276      60472    4393858   ELF Image Totals (compressed)
    271632       6148     110324        276          0          0   ROM Totals

==============================================================================

    Total RO  Size (Code + RO Data)               381956 ( 373.00kB)
    Total RW  Size (RW Data + ZI Data)             61568 (  60.13kB)
    Total ROM Size (Code + RO Data + RW Data)     382232 ( 373.27kB)

==============================================================================

