<html>
<body>
<pre>
<h1>µVision Build Log</h1>
<h2>Tool Versions:</h2>
IDE-Version: ¦ÌVision V5.24.2.0
Copyright (C) 2017 ARM Ltd and ARM Germany GmbH. All rights reserved.
License Information: yy 3290615583@qq.com, yy, LIC=47GU5-GDESS-Y8ZFK-ZH6CJ-2EWBS-QBHY9
 
Tool Versions:
Toolchain:       MDK-ARM Plus  Version: 5.24.1
Toolchain Path:  D:\keil5\ARM\ARMCC\Bin
C Compiler:      Armcc.exe V5.06 update 5 (build 528)
Assembler:       Armasm.exe V5.06 update 5 (build 528)
Linker/Locator:  ArmLink.exe V5.06 update 5 (build 528)
Library Manager: ArmAr.exe V5.06 update 5 (build 528)
Hex Converter:   FromElf.exe V5.06 update 5 (build 528)
CPU DLL:         SARMCM3.DLL V5.24.1
Dialog DLL:      DCM.DLL V1.16.0.0
Target DLL:      STLink\ST-LINKIII-KEIL_SWO.dll V3.0.1.0
Dialog DLL:      TCM.DLL V1.32.0.0
 
<h2>Project:</h2>
D:\Github Desktop Repository\CLOCK\USER\Template.uvprojx
Project File Date:  05/11/2026

<h2>Output:</h2>
*** Using Compiler 'V5.06 update 5 (build 528)', folder: 'D:\keil5\ARM\ARMCC\Bin'
Build target 'Template'
compiling main.c...
D:\keil5\ARM\ARMCLANG\include\stdio.h(20): warning:  #47-D: incompatible redefinition of macro "__ARMCLIB_VERSION"  (declared at line 12 of "D:\keil5\ARM\ARMCC\Bin\..\include\stdint.h")
  #define __ARMCLIB_VERSION 6070001
D:\keil5\ARM\ARMCLANG\include\string.h(22): warning:  #47-D: incompatible redefinition of macro "__ARMCLIB_VERSION"  (declared at line 12 of "D:\keil5\ARM\ARMCC\Bin\..\include\stdbool.h")
  #define __ARMCLIB_VERSION 6070001
main.c(42): warning:  #223-D: function "lv_demo_widgets" declared implicitly
  			lv_demo_widgets();
main.c: 3 warnings, 0 errors
linking...
Program Size: Code=281448 RO-data=165356 RW-data=1356 ZI-data=60460  
FromELF: creating hex file...
"..\OBJ\Template.axf" - 0 Error(s), 3 Warning(s).

<h2>Software Packages used:</h2>

Package Vendor: Keil
                http://www.keil.com/pack/Keil.STM32F4xx_DFP.2.15.0.pack
                Keil.STM32F4xx_DFP.2.15.0
                STMicroelectronics STM32F4 Series Device Support, Drivers and Examples

<h2>Collection of Component include folders:</h2>
  .\RTE\_Template
  D:\keil5\ARM\PACK\Keil\STM32F4xx_DFP\2.15.0\Drivers\CMSIS\Device\ST\STM32F4xx\Include

<h2>Collection of Component Files used:</h2>
Build Time Elapsed:  00:00:17
</pre>
</body>
</html>
